ARM GAS  C:\Users\Jack\AppData\Local\Temp\cc1zkWF2.s 			page 1


   1              		.syntax unified
   2              		.cpu cortex-m0
   3              		.fpu softvfp
   4              		.eabi_attribute 20, 1
   5              		.eabi_attribute 21, 1
   6              		.eabi_attribute 23, 3
   7              		.eabi_attribute 24, 1
   8              		.eabi_attribute 25, 1
   9              		.eabi_attribute 26, 1
  10              		.eabi_attribute 30, 6
  11              		.eabi_attribute 34, 0
  12              		.eabi_attribute 18, 4
  13              		.thumb
  14              		.syntax unified
  15              		.file	"PrISM_2.c"
  16              		.text
  17              	.Ltext0:
  18              		.cfi_sections	.debug_frame
  19              		.global	PrISM_2_initVar
  20              		.bss
  21              		.type	PrISM_2_initVar, %object
  22              		.size	PrISM_2_initVar, 1
  23              	PrISM_2_initVar:
  24 0000 00       		.space	1
  25              		.section	.text.PrISM_2_Start,"ax",%progbits
  26              		.align	2
  27              		.global	PrISM_2_Start
  28              		.code	16
  29              		.thumb_func
  30              		.type	PrISM_2_Start, %function
  31              	PrISM_2_Start:
  32              	.LFB2:
  33              		.file 1 "Generated_Source\\PSoC4\\PrISM_2.c"
   1:Generated_Source\PSoC4/PrISM_2.c **** /*******************************************************************************
   2:Generated_Source\PSoC4/PrISM_2.c **** * File Name: PrISM_2.c
   3:Generated_Source\PSoC4/PrISM_2.c **** * Version 2.20
   4:Generated_Source\PSoC4/PrISM_2.c **** *
   5:Generated_Source\PSoC4/PrISM_2.c **** * Description:
   6:Generated_Source\PSoC4/PrISM_2.c **** *  This file provides the source code of the API for the PrISM Component.
   7:Generated_Source\PSoC4/PrISM_2.c **** *
   8:Generated_Source\PSoC4/PrISM_2.c **** * Note:
   9:Generated_Source\PSoC4/PrISM_2.c **** *  The PRiSM Component consists of a 8, 16, 24, 32 - bit PrISM, it
  10:Generated_Source\PSoC4/PrISM_2.c **** *  depends on length Polynomial value and user selected Seed Value. 
  11:Generated_Source\PSoC4/PrISM_2.c **** *
  12:Generated_Source\PSoC4/PrISM_2.c **** ********************************************************************************
  13:Generated_Source\PSoC4/PrISM_2.c **** * Copyright 2008-2012, Cypress Semiconductor Corporation.  All rights reserved.
  14:Generated_Source\PSoC4/PrISM_2.c **** * You may use this file only in accordance with the license, terms, conditions, 
  15:Generated_Source\PSoC4/PrISM_2.c **** * disclaimers, and limitations in the end user license agreement accompanying 
  16:Generated_Source\PSoC4/PrISM_2.c **** * the software package with which this file was provided.
  17:Generated_Source\PSoC4/PrISM_2.c **** *******************************************************************************/
  18:Generated_Source\PSoC4/PrISM_2.c **** 
  19:Generated_Source\PSoC4/PrISM_2.c **** #include "PrISM_2.h"
  20:Generated_Source\PSoC4/PrISM_2.c **** 
  21:Generated_Source\PSoC4/PrISM_2.c **** 
  22:Generated_Source\PSoC4/PrISM_2.c **** /***************************************
  23:Generated_Source\PSoC4/PrISM_2.c **** * Local data allocation
  24:Generated_Source\PSoC4/PrISM_2.c **** ***************************************/
ARM GAS  C:\Users\Jack\AppData\Local\Temp\cc1zkWF2.s 			page 2


  25:Generated_Source\PSoC4/PrISM_2.c **** 
  26:Generated_Source\PSoC4/PrISM_2.c **** uint8 PrISM_2_initVar = 0u;
  27:Generated_Source\PSoC4/PrISM_2.c **** 
  28:Generated_Source\PSoC4/PrISM_2.c **** 
  29:Generated_Source\PSoC4/PrISM_2.c **** /*******************************************************************************
  30:Generated_Source\PSoC4/PrISM_2.c **** * FUNCTION NAME:   PrISM_2_Start
  31:Generated_Source\PSoC4/PrISM_2.c **** ********************************************************************************
  32:Generated_Source\PSoC4/PrISM_2.c **** *
  33:Generated_Source\PSoC4/PrISM_2.c **** * Summary:
  34:Generated_Source\PSoC4/PrISM_2.c **** *  The start function sets Polynomial, Seed and Pulse Density registers provided
  35:Generated_Source\PSoC4/PrISM_2.c **** *  by customizer. PrISM computation starts on rising edge of input clock.
  36:Generated_Source\PSoC4/PrISM_2.c **** *
  37:Generated_Source\PSoC4/PrISM_2.c **** * Parameters:  
  38:Generated_Source\PSoC4/PrISM_2.c **** *  None.
  39:Generated_Source\PSoC4/PrISM_2.c **** *
  40:Generated_Source\PSoC4/PrISM_2.c **** * Return:  
  41:Generated_Source\PSoC4/PrISM_2.c **** *  None.
  42:Generated_Source\PSoC4/PrISM_2.c **** *
  43:Generated_Source\PSoC4/PrISM_2.c **** * Global variables:
  44:Generated_Source\PSoC4/PrISM_2.c **** *  The PrISM_2_initVar variable is used to indicate initial
  45:Generated_Source\PSoC4/PrISM_2.c **** *  configuration of this component.  The variable is initialized to zero and
  46:Generated_Source\PSoC4/PrISM_2.c **** *  set to 1 the first time PrISM_2_Start() is called. This allows for
  47:Generated_Source\PSoC4/PrISM_2.c **** *  component initialization without re-initialization in all subsequent calls
  48:Generated_Source\PSoC4/PrISM_2.c **** *  to the PrISM_2_Start() routine. 
  49:Generated_Source\PSoC4/PrISM_2.c **** 
  50:Generated_Source\PSoC4/PrISM_2.c **** * Reentrant:
  51:Generated_Source\PSoC4/PrISM_2.c **** *  No.
  52:Generated_Source\PSoC4/PrISM_2.c **** *
  53:Generated_Source\PSoC4/PrISM_2.c **** *******************************************************************************/
  54:Generated_Source\PSoC4/PrISM_2.c **** void PrISM_2_Start(void) 
  55:Generated_Source\PSoC4/PrISM_2.c **** {
  34              		.loc 1 55 0
  35              		.cfi_startproc
  36              		@ args = 0, pretend = 0, frame = 0
  37              		@ frame_needed = 1, uses_anonymous_args = 0
  38 0000 80B5     		push	{r7, lr}
  39              		.cfi_def_cfa_offset 8
  40              		.cfi_offset 7, -8
  41              		.cfi_offset 14, -4
  42 0002 00AF     		add	r7, sp, #0
  43              		.cfi_def_cfa_register 7
  56:Generated_Source\PSoC4/PrISM_2.c ****     /* If not Initialized then initialize all required hardware and software */
  57:Generated_Source\PSoC4/PrISM_2.c ****     if(PrISM_2_initVar == 0u)
  44              		.loc 1 57 0
  45 0004 064B     		ldr	r3, .L3
  46 0006 1B78     		ldrb	r3, [r3]
  47 0008 002B     		cmp	r3, #0
  48 000a 04D1     		bne	.L2
  58:Generated_Source\PSoC4/PrISM_2.c ****     {
  59:Generated_Source\PSoC4/PrISM_2.c ****         PrISM_2_Init();
  49              		.loc 1 59 0
  50 000c FFF7FEFF 		bl	PrISM_2_Init
  60:Generated_Source\PSoC4/PrISM_2.c ****         PrISM_2_initVar = 1u;
  51              		.loc 1 60 0
  52 0010 034B     		ldr	r3, .L3
  53 0012 0122     		movs	r2, #1
  54 0014 1A70     		strb	r2, [r3]
ARM GAS  C:\Users\Jack\AppData\Local\Temp\cc1zkWF2.s 			page 3


  55              	.L2:
  61:Generated_Source\PSoC4/PrISM_2.c ****     }
  62:Generated_Source\PSoC4/PrISM_2.c ****     PrISM_2_Enable();
  56              		.loc 1 62 0
  57 0016 FFF7FEFF 		bl	PrISM_2_Enable
  63:Generated_Source\PSoC4/PrISM_2.c **** }
  58              		.loc 1 63 0
  59 001a C046     		nop
  60 001c BD46     		mov	sp, r7
  61              		@ sp needed
  62 001e 80BD     		pop	{r7, pc}
  63              	.L4:
  64              		.align	2
  65              	.L3:
  66 0020 00000000 		.word	PrISM_2_initVar
  67              		.cfi_endproc
  68              	.LFE2:
  69              		.size	PrISM_2_Start, .-PrISM_2_Start
  70              		.section	.text.PrISM_2_Init,"ax",%progbits
  71              		.align	2
  72              		.global	PrISM_2_Init
  73              		.code	16
  74              		.thumb_func
  75              		.type	PrISM_2_Init, %function
  76              	PrISM_2_Init:
  77              	.LFB3:
  64:Generated_Source\PSoC4/PrISM_2.c **** 
  65:Generated_Source\PSoC4/PrISM_2.c **** 
  66:Generated_Source\PSoC4/PrISM_2.c **** /*******************************************************************************
  67:Generated_Source\PSoC4/PrISM_2.c **** * Function Name: PrISM_2_Init
  68:Generated_Source\PSoC4/PrISM_2.c **** ********************************************************************************
  69:Generated_Source\PSoC4/PrISM_2.c **** *
  70:Generated_Source\PSoC4/PrISM_2.c **** * Summary:
  71:Generated_Source\PSoC4/PrISM_2.c **** *  Initialize component's parameters to the parameters set by user in the 
  72:Generated_Source\PSoC4/PrISM_2.c **** *  customizer of the component placed onto schematic. Usually called in 
  73:Generated_Source\PSoC4/PrISM_2.c **** *  PrISM_2_Start().
  74:Generated_Source\PSoC4/PrISM_2.c **** *
  75:Generated_Source\PSoC4/PrISM_2.c **** * Parameters:  
  76:Generated_Source\PSoC4/PrISM_2.c **** *  None.
  77:Generated_Source\PSoC4/PrISM_2.c **** *
  78:Generated_Source\PSoC4/PrISM_2.c **** * Return: 
  79:Generated_Source\PSoC4/PrISM_2.c **** *  None.
  80:Generated_Source\PSoC4/PrISM_2.c **** *
  81:Generated_Source\PSoC4/PrISM_2.c **** *******************************************************************************/
  82:Generated_Source\PSoC4/PrISM_2.c **** void PrISM_2_Init(void) 
  83:Generated_Source\PSoC4/PrISM_2.c **** {
  78              		.loc 1 83 0
  79              		.cfi_startproc
  80              		@ args = 0, pretend = 0, frame = 8
  81              		@ frame_needed = 1, uses_anonymous_args = 0
  82 0000 90B5     		push	{r4, r7, lr}
  83              		.cfi_def_cfa_offset 12
  84              		.cfi_offset 4, -12
  85              		.cfi_offset 7, -8
  86              		.cfi_offset 14, -4
  87 0002 83B0     		sub	sp, sp, #12
  88              		.cfi_def_cfa_offset 24
ARM GAS  C:\Users\Jack\AppData\Local\Temp\cc1zkWF2.s 			page 4


  89 0004 00AF     		add	r7, sp, #0
  90              		.cfi_def_cfa_register 7
  84:Generated_Source\PSoC4/PrISM_2.c ****     uint8 enableInterrupts;
  85:Generated_Source\PSoC4/PrISM_2.c ****     
  86:Generated_Source\PSoC4/PrISM_2.c ****     /* Writes Seed value, polynom value and density provided by customizer */
  87:Generated_Source\PSoC4/PrISM_2.c ****     PrISM_2_WriteSeed(PrISM_2_SEED);
  91              		.loc 1 87 0
  92 0006 FF20     		movs	r0, #255
  93 0008 FFF7FEFF 		bl	PrISM_2_WriteSeed
  88:Generated_Source\PSoC4/PrISM_2.c ****     PrISM_2_WritePolynomial(PrISM_2_POLYNOM);
  94              		.loc 1 88 0
  95 000c B820     		movs	r0, #184
  96 000e FFF7FEFF 		bl	PrISM_2_WritePolynomial
  89:Generated_Source\PSoC4/PrISM_2.c ****     PrISM_2_WritePulse0(PrISM_2_DENSITY0);
  97              		.loc 1 89 0
  98 0012 0120     		movs	r0, #1
  99 0014 FFF7FEFF 		bl	PrISM_2_WritePulse0
  90:Generated_Source\PSoC4/PrISM_2.c ****     PrISM_2_WritePulse1(PrISM_2_DENSITY1);
 100              		.loc 1 90 0
 101 0018 0120     		movs	r0, #1
 102 001a FFF7FEFF 		bl	PrISM_2_WritePulse1
  91:Generated_Source\PSoC4/PrISM_2.c ****     
  92:Generated_Source\PSoC4/PrISM_2.c ****     enableInterrupts = CyEnterCriticalSection();
 103              		.loc 1 92 0
 104 001e FC1D     		adds	r4, r7, #7
 105 0020 FFF7FEFF 		bl	CyEnterCriticalSection
 106 0024 0300     		movs	r3, r0
 107 0026 2370     		strb	r3, [r4]
  93:Generated_Source\PSoC4/PrISM_2.c ****     /* Set FIFO0_CLR bit to use FIFO0 as a simple one-byte buffer*/
  94:Generated_Source\PSoC4/PrISM_2.c ****     CY_SET_REG8(PrISM_2_AUX_CONTROL_PTR, 
 108              		.loc 1 94 0
 109 0028 104A     		ldr	r2, .L6
 110 002a 104B     		ldr	r3, .L6
 111 002c 1B78     		ldrb	r3, [r3]
 112 002e DBB2     		uxtb	r3, r3
 113 0030 0121     		movs	r1, #1
 114 0032 0B43     		orrs	r3, r1
 115 0034 DBB2     		uxtb	r3, r3
 116 0036 1370     		strb	r3, [r2]
  95:Generated_Source\PSoC4/PrISM_2.c ****                         CY_GET_REG8(PrISM_2_AUX_CONTROL_PTR) | PrISM_2_FIFO0_CLR);
  96:Generated_Source\PSoC4/PrISM_2.c ****     CyExitCriticalSection(enableInterrupts);
 117              		.loc 1 96 0
 118 0038 FB1D     		adds	r3, r7, #7
 119 003a 1B78     		ldrb	r3, [r3]
 120 003c 1800     		movs	r0, r3
 121 003e FFF7FEFF 		bl	CyExitCriticalSection
  97:Generated_Source\PSoC4/PrISM_2.c ****     
  98:Generated_Source\PSoC4/PrISM_2.c ****     #if(!PrISM_2_PULSE_TYPE_HARDCODED)
  99:Generated_Source\PSoC4/PrISM_2.c ****         /* Writes density type provided by customizer */
 100:Generated_Source\PSoC4/PrISM_2.c ****         #if(PrISM_2_GREATERTHAN_OR_EQUAL == PrISM_2_COMPARE0)
 101:Generated_Source\PSoC4/PrISM_2.c ****             PrISM_2_CONTROL_REG |= PrISM_2_CTRL_COMPARE_TYPE0_GREATER_THAN_OR_EQUAL;
 102:Generated_Source\PSoC4/PrISM_2.c ****         #else
 103:Generated_Source\PSoC4/PrISM_2.c ****             PrISM_2_CONTROL_REG &= (uint8)~PrISM_2_CTRL_COMPARE_TYPE0_GREATER_THAN_OR_EQUAL;
 122              		.loc 1 103 0
 123 0042 0B4A     		ldr	r2, .L6+4
 124 0044 0A4B     		ldr	r3, .L6+4
 125 0046 1B78     		ldrb	r3, [r3]
ARM GAS  C:\Users\Jack\AppData\Local\Temp\cc1zkWF2.s 			page 5


 126 0048 DBB2     		uxtb	r3, r3
 127 004a 0221     		movs	r1, #2
 128 004c 8B43     		bics	r3, r1
 129 004e DBB2     		uxtb	r3, r3
 130 0050 1370     		strb	r3, [r2]
 104:Generated_Source\PSoC4/PrISM_2.c ****         #endif /* End PrISM_2_COMPARE0 */    
 105:Generated_Source\PSoC4/PrISM_2.c ****     
 106:Generated_Source\PSoC4/PrISM_2.c ****         #if(PrISM_2_GREATERTHAN_OR_EQUAL == PrISM_2_COMPARE1)
 107:Generated_Source\PSoC4/PrISM_2.c ****             PrISM_2_CONTROL_REG |= PrISM_2_CTRL_COMPARE_TYPE1_GREATER_THAN_OR_EQUAL;
 108:Generated_Source\PSoC4/PrISM_2.c ****         #else
 109:Generated_Source\PSoC4/PrISM_2.c ****             PrISM_2_CONTROL_REG &= (uint8)~PrISM_2_CTRL_COMPARE_TYPE1_GREATER_THAN_OR_EQUAL;
 131              		.loc 1 109 0
 132 0052 074A     		ldr	r2, .L6+4
 133 0054 064B     		ldr	r3, .L6+4
 134 0056 1B78     		ldrb	r3, [r3]
 135 0058 DBB2     		uxtb	r3, r3
 136 005a 0421     		movs	r1, #4
 137 005c 8B43     		bics	r3, r1
 138 005e DBB2     		uxtb	r3, r3
 139 0060 1370     		strb	r3, [r2]
 110:Generated_Source\PSoC4/PrISM_2.c ****         #endif /* End PrISM_2_COMPARE1 */    
 111:Generated_Source\PSoC4/PrISM_2.c ****     #endif /* End PrISM_2_PULSE_TYPE_HARDCODED */
 112:Generated_Source\PSoC4/PrISM_2.c **** }
 140              		.loc 1 112 0
 141 0062 C046     		nop
 142 0064 BD46     		mov	sp, r7
 143 0066 03B0     		add	sp, sp, #12
 144              		@ sp needed
 145 0068 90BD     		pop	{r4, r7, pc}
 146              	.L7:
 147 006a C046     		.align	2
 148              	.L6:
 149 006c 92000F40 		.word	1074725010
 150 0070 72000F40 		.word	1074724978
 151              		.cfi_endproc
 152              	.LFE3:
 153              		.size	PrISM_2_Init, .-PrISM_2_Init
 154              		.section	.text.PrISM_2_Enable,"ax",%progbits
 155              		.align	2
 156              		.global	PrISM_2_Enable
 157              		.code	16
 158              		.thumb_func
 159              		.type	PrISM_2_Enable, %function
 160              	PrISM_2_Enable:
 161              	.LFB4:
 113:Generated_Source\PSoC4/PrISM_2.c **** 
 114:Generated_Source\PSoC4/PrISM_2.c **** 
 115:Generated_Source\PSoC4/PrISM_2.c **** /*******************************************************************************
 116:Generated_Source\PSoC4/PrISM_2.c **** * Function Name: PrISM_2_Enable
 117:Generated_Source\PSoC4/PrISM_2.c **** ********************************************************************************
 118:Generated_Source\PSoC4/PrISM_2.c **** *  
 119:Generated_Source\PSoC4/PrISM_2.c **** * Summary: 
 120:Generated_Source\PSoC4/PrISM_2.c **** *  Enables the PrISM block operation
 121:Generated_Source\PSoC4/PrISM_2.c **** *
 122:Generated_Source\PSoC4/PrISM_2.c **** * Parameters:  
 123:Generated_Source\PSoC4/PrISM_2.c **** *  None.
 124:Generated_Source\PSoC4/PrISM_2.c **** *
ARM GAS  C:\Users\Jack\AppData\Local\Temp\cc1zkWF2.s 			page 6


 125:Generated_Source\PSoC4/PrISM_2.c **** * Return: 
 126:Generated_Source\PSoC4/PrISM_2.c **** *  None.
 127:Generated_Source\PSoC4/PrISM_2.c **** *
 128:Generated_Source\PSoC4/PrISM_2.c **** *******************************************************************************/
 129:Generated_Source\PSoC4/PrISM_2.c **** void PrISM_2_Enable(void) 
 130:Generated_Source\PSoC4/PrISM_2.c **** {
 162              		.loc 1 130 0
 163              		.cfi_startproc
 164              		@ args = 0, pretend = 0, frame = 0
 165              		@ frame_needed = 1, uses_anonymous_args = 0
 166 0000 80B5     		push	{r7, lr}
 167              		.cfi_def_cfa_offset 8
 168              		.cfi_offset 7, -8
 169              		.cfi_offset 14, -4
 170 0002 00AF     		add	r7, sp, #0
 171              		.cfi_def_cfa_register 7
 131:Generated_Source\PSoC4/PrISM_2.c ****     #if(!PrISM_2_PULSE_TYPE_HARDCODED)
 132:Generated_Source\PSoC4/PrISM_2.c ****         /* Enable the PrISM computation */
 133:Generated_Source\PSoC4/PrISM_2.c ****         PrISM_2_CONTROL_REG |= PrISM_2_CTRL_ENABLE;
 172              		.loc 1 133 0
 173 0004 054A     		ldr	r2, .L9
 174 0006 054B     		ldr	r3, .L9
 175 0008 1B78     		ldrb	r3, [r3]
 176 000a DBB2     		uxtb	r3, r3
 177 000c 0121     		movs	r1, #1
 178 000e 0B43     		orrs	r3, r1
 179 0010 DBB2     		uxtb	r3, r3
 180 0012 1370     		strb	r3, [r2]
 134:Generated_Source\PSoC4/PrISM_2.c ****     #endif /* End PrISM_2_PULSE_TYPE_HARDCODED */
 135:Generated_Source\PSoC4/PrISM_2.c **** }
 181              		.loc 1 135 0
 182 0014 C046     		nop
 183 0016 BD46     		mov	sp, r7
 184              		@ sp needed
 185 0018 80BD     		pop	{r7, pc}
 186              	.L10:
 187 001a C046     		.align	2
 188              	.L9:
 189 001c 72000F40 		.word	1074724978
 190              		.cfi_endproc
 191              	.LFE4:
 192              		.size	PrISM_2_Enable, .-PrISM_2_Enable
 193              		.section	.text.PrISM_2_Stop,"ax",%progbits
 194              		.align	2
 195              		.global	PrISM_2_Stop
 196              		.code	16
 197              		.thumb_func
 198              		.type	PrISM_2_Stop, %function
 199              	PrISM_2_Stop:
 200              	.LFB5:
 136:Generated_Source\PSoC4/PrISM_2.c **** 
 137:Generated_Source\PSoC4/PrISM_2.c **** 
 138:Generated_Source\PSoC4/PrISM_2.c **** /*******************************************************************************
 139:Generated_Source\PSoC4/PrISM_2.c **** * FUNCTION NAME:   PrISM_2_Stop
 140:Generated_Source\PSoC4/PrISM_2.c **** ********************************************************************************
 141:Generated_Source\PSoC4/PrISM_2.c **** *
 142:Generated_Source\PSoC4/PrISM_2.c **** * Summary:
ARM GAS  C:\Users\Jack\AppData\Local\Temp\cc1zkWF2.s 			page 7


 143:Generated_Source\PSoC4/PrISM_2.c **** *  Stops PrISM computation. Outputs remain constant.
 144:Generated_Source\PSoC4/PrISM_2.c **** *
 145:Generated_Source\PSoC4/PrISM_2.c **** * Parameters:  
 146:Generated_Source\PSoC4/PrISM_2.c **** *  None.
 147:Generated_Source\PSoC4/PrISM_2.c **** *
 148:Generated_Source\PSoC4/PrISM_2.c **** * Return: 
 149:Generated_Source\PSoC4/PrISM_2.c **** *  None.
 150:Generated_Source\PSoC4/PrISM_2.c **** *
 151:Generated_Source\PSoC4/PrISM_2.c **** *******************************************************************************/
 152:Generated_Source\PSoC4/PrISM_2.c **** void PrISM_2_Stop(void) 
 153:Generated_Source\PSoC4/PrISM_2.c **** {
 201              		.loc 1 153 0
 202              		.cfi_startproc
 203              		@ args = 0, pretend = 0, frame = 0
 204              		@ frame_needed = 1, uses_anonymous_args = 0
 205 0000 80B5     		push	{r7, lr}
 206              		.cfi_def_cfa_offset 8
 207              		.cfi_offset 7, -8
 208              		.cfi_offset 14, -4
 209 0002 00AF     		add	r7, sp, #0
 210              		.cfi_def_cfa_register 7
 154:Generated_Source\PSoC4/PrISM_2.c ****     #if(!PrISM_2_PULSE_TYPE_HARDCODED)
 155:Generated_Source\PSoC4/PrISM_2.c ****         PrISM_2_CONTROL_REG &= (uint8)~PrISM_2_CTRL_ENABLE;
 211              		.loc 1 155 0
 212 0004 054A     		ldr	r2, .L12
 213 0006 054B     		ldr	r3, .L12
 214 0008 1B78     		ldrb	r3, [r3]
 215 000a DBB2     		uxtb	r3, r3
 216 000c 0121     		movs	r1, #1
 217 000e 8B43     		bics	r3, r1
 218 0010 DBB2     		uxtb	r3, r3
 219 0012 1370     		strb	r3, [r2]
 156:Generated_Source\PSoC4/PrISM_2.c ****     #else
 157:Generated_Source\PSoC4/PrISM_2.c ****         /* PulseTypeHardoded option enabled - to stop PrISM use enable input */
 158:Generated_Source\PSoC4/PrISM_2.c ****     #endif /* End $INSTANCE_NAME`_PULSE_TYPE_HARDCODED */
 159:Generated_Source\PSoC4/PrISM_2.c **** }
 220              		.loc 1 159 0
 221 0014 C046     		nop
 222 0016 BD46     		mov	sp, r7
 223              		@ sp needed
 224 0018 80BD     		pop	{r7, pc}
 225              	.L13:
 226 001a C046     		.align	2
 227              	.L12:
 228 001c 72000F40 		.word	1074724978
 229              		.cfi_endproc
 230              	.LFE5:
 231              		.size	PrISM_2_Stop, .-PrISM_2_Stop
 232              		.section	.text.PrISM_2_SetPulse0Mode,"ax",%progbits
 233              		.align	2
 234              		.global	PrISM_2_SetPulse0Mode
 235              		.code	16
 236              		.thumb_func
 237              		.type	PrISM_2_SetPulse0Mode, %function
 238              	PrISM_2_SetPulse0Mode:
 239              	.LFB6:
 160:Generated_Source\PSoC4/PrISM_2.c **** 
ARM GAS  C:\Users\Jack\AppData\Local\Temp\cc1zkWF2.s 			page 8


 161:Generated_Source\PSoC4/PrISM_2.c **** #if(!PrISM_2_PULSE_TYPE_HARDCODED)
 162:Generated_Source\PSoC4/PrISM_2.c **** 
 163:Generated_Source\PSoC4/PrISM_2.c **** 
 164:Generated_Source\PSoC4/PrISM_2.c ****     /***************************************************************************
 165:Generated_Source\PSoC4/PrISM_2.c ****     * FUNCTION NAME:     PrISM_2_SetPulse0Mode
 166:Generated_Source\PSoC4/PrISM_2.c ****     ****************************************************************************
 167:Generated_Source\PSoC4/PrISM_2.c ****     *
 168:Generated_Source\PSoC4/PrISM_2.c ****     * Summary:
 169:Generated_Source\PSoC4/PrISM_2.c ****     *  Sets the pulse density type for Density0. Less than or Equal(<=) or 
 170:Generated_Source\PSoC4/PrISM_2.c ****     *  Greater than or Equal(>=).
 171:Generated_Source\PSoC4/PrISM_2.c ****     *
 172:Generated_Source\PSoC4/PrISM_2.c ****     * Parameters:
 173:Generated_Source\PSoC4/PrISM_2.c ****     *  pulse0Type: Selected pulse density type.
 174:Generated_Source\PSoC4/PrISM_2.c ****     *
 175:Generated_Source\PSoC4/PrISM_2.c ****     * Return:
 176:Generated_Source\PSoC4/PrISM_2.c ****     *  None.
 177:Generated_Source\PSoC4/PrISM_2.c ****     *
 178:Generated_Source\PSoC4/PrISM_2.c ****     ***************************************************************************/
 179:Generated_Source\PSoC4/PrISM_2.c ****     void PrISM_2_SetPulse0Mode(uint8 pulse0Type) 
 180:Generated_Source\PSoC4/PrISM_2.c ****     {
 240              		.loc 1 180 0
 241              		.cfi_startproc
 242              		@ args = 0, pretend = 0, frame = 8
 243              		@ frame_needed = 1, uses_anonymous_args = 0
 244 0000 80B5     		push	{r7, lr}
 245              		.cfi_def_cfa_offset 8
 246              		.cfi_offset 7, -8
 247              		.cfi_offset 14, -4
 248 0002 82B0     		sub	sp, sp, #8
 249              		.cfi_def_cfa_offset 16
 250 0004 00AF     		add	r7, sp, #0
 251              		.cfi_def_cfa_register 7
 252 0006 0200     		movs	r2, r0
 253 0008 FB1D     		adds	r3, r7, #7
 254 000a 1A70     		strb	r2, [r3]
 181:Generated_Source\PSoC4/PrISM_2.c ****         if(pulse0Type == PrISM_2_GREATERTHAN_OR_EQUAL)
 255              		.loc 1 181 0
 256 000c FB1D     		adds	r3, r7, #7
 257 000e 1B78     		ldrb	r3, [r3]
 258 0010 012B     		cmp	r3, #1
 259 0012 08D1     		bne	.L15
 182:Generated_Source\PSoC4/PrISM_2.c ****         {
 183:Generated_Source\PSoC4/PrISM_2.c ****             PrISM_2_CONTROL_REG |= PrISM_2_CTRL_COMPARE_TYPE0_GREATER_THAN_OR_EQUAL;
 260              		.loc 1 183 0
 261 0014 0A4A     		ldr	r2, .L18
 262 0016 0A4B     		ldr	r3, .L18
 263 0018 1B78     		ldrb	r3, [r3]
 264 001a DBB2     		uxtb	r3, r3
 265 001c 0221     		movs	r1, #2
 266 001e 0B43     		orrs	r3, r1
 267 0020 DBB2     		uxtb	r3, r3
 268 0022 1370     		strb	r3, [r2]
 184:Generated_Source\PSoC4/PrISM_2.c ****         }
 185:Generated_Source\PSoC4/PrISM_2.c ****         else
 186:Generated_Source\PSoC4/PrISM_2.c ****         {
 187:Generated_Source\PSoC4/PrISM_2.c ****             PrISM_2_CONTROL_REG &= (uint8)~PrISM_2_CTRL_COMPARE_TYPE0_GREATER_THAN_OR_EQUAL;
 188:Generated_Source\PSoC4/PrISM_2.c ****         }
ARM GAS  C:\Users\Jack\AppData\Local\Temp\cc1zkWF2.s 			page 9


 189:Generated_Source\PSoC4/PrISM_2.c ****     }
 269              		.loc 1 189 0
 270 0024 07E0     		b	.L17
 271              	.L15:
 187:Generated_Source\PSoC4/PrISM_2.c ****         }
 272              		.loc 1 187 0
 273 0026 064A     		ldr	r2, .L18
 274 0028 054B     		ldr	r3, .L18
 275 002a 1B78     		ldrb	r3, [r3]
 276 002c DBB2     		uxtb	r3, r3
 277 002e 0221     		movs	r1, #2
 278 0030 8B43     		bics	r3, r1
 279 0032 DBB2     		uxtb	r3, r3
 280 0034 1370     		strb	r3, [r2]
 281              	.L17:
 282              		.loc 1 189 0
 283 0036 C046     		nop
 284 0038 BD46     		mov	sp, r7
 285 003a 02B0     		add	sp, sp, #8
 286              		@ sp needed
 287 003c 80BD     		pop	{r7, pc}
 288              	.L19:
 289 003e C046     		.align	2
 290              	.L18:
 291 0040 72000F40 		.word	1074724978
 292              		.cfi_endproc
 293              	.LFE6:
 294              		.size	PrISM_2_SetPulse0Mode, .-PrISM_2_SetPulse0Mode
 295              		.section	.text.PrISM_2_SetPulse1Mode,"ax",%progbits
 296              		.align	2
 297              		.global	PrISM_2_SetPulse1Mode
 298              		.code	16
 299              		.thumb_func
 300              		.type	PrISM_2_SetPulse1Mode, %function
 301              	PrISM_2_SetPulse1Mode:
 302              	.LFB7:
 190:Generated_Source\PSoC4/PrISM_2.c ****     
 191:Generated_Source\PSoC4/PrISM_2.c ****     
 192:Generated_Source\PSoC4/PrISM_2.c ****     /***************************************************************************
 193:Generated_Source\PSoC4/PrISM_2.c ****     * FUNCTION NAME:   PrISM_2_SetPulse1Mode
 194:Generated_Source\PSoC4/PrISM_2.c ****     ****************************************************************************
 195:Generated_Source\PSoC4/PrISM_2.c ****     *
 196:Generated_Source\PSoC4/PrISM_2.c ****     * Summary:
 197:Generated_Source\PSoC4/PrISM_2.c ****     *  Sets the pulse density type for Density1. Less than or Equal(<=) or 
 198:Generated_Source\PSoC4/PrISM_2.c ****     *  Greater than or Equal(>=).
 199:Generated_Source\PSoC4/PrISM_2.c ****     *
 200:Generated_Source\PSoC4/PrISM_2.c ****     * Parameters:  
 201:Generated_Source\PSoC4/PrISM_2.c ****     *  pulse1Type: Selected pulse density type.
 202:Generated_Source\PSoC4/PrISM_2.c ****     *
 203:Generated_Source\PSoC4/PrISM_2.c ****     * Return:
 204:Generated_Source\PSoC4/PrISM_2.c ****     *  None.
 205:Generated_Source\PSoC4/PrISM_2.c ****     *
 206:Generated_Source\PSoC4/PrISM_2.c ****     ***************************************************************************/
 207:Generated_Source\PSoC4/PrISM_2.c ****     void PrISM_2_SetPulse1Mode(uint8 pulse1Type) 
 208:Generated_Source\PSoC4/PrISM_2.c ****     {
 303              		.loc 1 208 0
 304              		.cfi_startproc
ARM GAS  C:\Users\Jack\AppData\Local\Temp\cc1zkWF2.s 			page 10


 305              		@ args = 0, pretend = 0, frame = 8
 306              		@ frame_needed = 1, uses_anonymous_args = 0
 307 0000 80B5     		push	{r7, lr}
 308              		.cfi_def_cfa_offset 8
 309              		.cfi_offset 7, -8
 310              		.cfi_offset 14, -4
 311 0002 82B0     		sub	sp, sp, #8
 312              		.cfi_def_cfa_offset 16
 313 0004 00AF     		add	r7, sp, #0
 314              		.cfi_def_cfa_register 7
 315 0006 0200     		movs	r2, r0
 316 0008 FB1D     		adds	r3, r7, #7
 317 000a 1A70     		strb	r2, [r3]
 209:Generated_Source\PSoC4/PrISM_2.c ****         if(pulse1Type == PrISM_2_GREATERTHAN_OR_EQUAL)
 318              		.loc 1 209 0
 319 000c FB1D     		adds	r3, r7, #7
 320 000e 1B78     		ldrb	r3, [r3]
 321 0010 012B     		cmp	r3, #1
 322 0012 08D1     		bne	.L21
 210:Generated_Source\PSoC4/PrISM_2.c ****         {
 211:Generated_Source\PSoC4/PrISM_2.c ****             PrISM_2_CONTROL_REG |= PrISM_2_CTRL_COMPARE_TYPE1_GREATER_THAN_OR_EQUAL;
 323              		.loc 1 211 0
 324 0014 0A4A     		ldr	r2, .L24
 325 0016 0A4B     		ldr	r3, .L24
 326 0018 1B78     		ldrb	r3, [r3]
 327 001a DBB2     		uxtb	r3, r3
 328 001c 0421     		movs	r1, #4
 329 001e 0B43     		orrs	r3, r1
 330 0020 DBB2     		uxtb	r3, r3
 331 0022 1370     		strb	r3, [r2]
 212:Generated_Source\PSoC4/PrISM_2.c ****         }
 213:Generated_Source\PSoC4/PrISM_2.c ****         else
 214:Generated_Source\PSoC4/PrISM_2.c ****         {
 215:Generated_Source\PSoC4/PrISM_2.c ****             PrISM_2_CONTROL_REG &= (uint8)~PrISM_2_CTRL_COMPARE_TYPE1_GREATER_THAN_OR_EQUAL;
 216:Generated_Source\PSoC4/PrISM_2.c ****         }
 217:Generated_Source\PSoC4/PrISM_2.c ****     }
 332              		.loc 1 217 0
 333 0024 07E0     		b	.L23
 334              	.L21:
 215:Generated_Source\PSoC4/PrISM_2.c ****         }
 335              		.loc 1 215 0
 336 0026 064A     		ldr	r2, .L24
 337 0028 054B     		ldr	r3, .L24
 338 002a 1B78     		ldrb	r3, [r3]
 339 002c DBB2     		uxtb	r3, r3
 340 002e 0421     		movs	r1, #4
 341 0030 8B43     		bics	r3, r1
 342 0032 DBB2     		uxtb	r3, r3
 343 0034 1370     		strb	r3, [r2]
 344              	.L23:
 345              		.loc 1 217 0
 346 0036 C046     		nop
 347 0038 BD46     		mov	sp, r7
 348 003a 02B0     		add	sp, sp, #8
 349              		@ sp needed
 350 003c 80BD     		pop	{r7, pc}
 351              	.L25:
ARM GAS  C:\Users\Jack\AppData\Local\Temp\cc1zkWF2.s 			page 11


 352 003e C046     		.align	2
 353              	.L24:
 354 0040 72000F40 		.word	1074724978
 355              		.cfi_endproc
 356              	.LFE7:
 357              		.size	PrISM_2_SetPulse1Mode, .-PrISM_2_SetPulse1Mode
 358              		.section	.text.PrISM_2_ReadSeed,"ax",%progbits
 359              		.align	2
 360              		.global	PrISM_2_ReadSeed
 361              		.code	16
 362              		.thumb_func
 363              		.type	PrISM_2_ReadSeed, %function
 364              	PrISM_2_ReadSeed:
 365              	.LFB8:
 218:Generated_Source\PSoC4/PrISM_2.c **** 
 219:Generated_Source\PSoC4/PrISM_2.c **** #endif /* End PrISM_2_PULSE_TYPE_HARDCODED == 0 */
 220:Generated_Source\PSoC4/PrISM_2.c **** 
 221:Generated_Source\PSoC4/PrISM_2.c **** 
 222:Generated_Source\PSoC4/PrISM_2.c **** /*******************************************************************************
 223:Generated_Source\PSoC4/PrISM_2.c **** * FUNCTION NAME:   PrISM_2_ReadSeed
 224:Generated_Source\PSoC4/PrISM_2.c **** ********************************************************************************
 225:Generated_Source\PSoC4/PrISM_2.c **** *
 226:Generated_Source\PSoC4/PrISM_2.c **** * Summary:
 227:Generated_Source\PSoC4/PrISM_2.c **** *  Reads the PrISM Seed register.
 228:Generated_Source\PSoC4/PrISM_2.c **** *
 229:Generated_Source\PSoC4/PrISM_2.c **** * Parameters:
 230:Generated_Source\PSoC4/PrISM_2.c **** *  None.
 231:Generated_Source\PSoC4/PrISM_2.c **** *
 232:Generated_Source\PSoC4/PrISM_2.c **** * Return:
 233:Generated_Source\PSoC4/PrISM_2.c **** *  Current Period register value.
 234:Generated_Source\PSoC4/PrISM_2.c **** *
 235:Generated_Source\PSoC4/PrISM_2.c **** *******************************************************************************/
 236:Generated_Source\PSoC4/PrISM_2.c **** uint8 PrISM_2_ReadSeed(void) 
 237:Generated_Source\PSoC4/PrISM_2.c **** {
 366              		.loc 1 237 0
 367              		.cfi_startproc
 368              		@ args = 0, pretend = 0, frame = 0
 369              		@ frame_needed = 1, uses_anonymous_args = 0
 370 0000 80B5     		push	{r7, lr}
 371              		.cfi_def_cfa_offset 8
 372              		.cfi_offset 7, -8
 373              		.cfi_offset 14, -4
 374 0002 00AF     		add	r7, sp, #0
 375              		.cfi_def_cfa_register 7
 238:Generated_Source\PSoC4/PrISM_2.c ****     return( CY_GET_REG8(PrISM_2_SEED_PTR) );
 376              		.loc 1 238 0
 377 0004 024B     		ldr	r3, .L28
 378 0006 1B78     		ldrb	r3, [r3]
 379 0008 DBB2     		uxtb	r3, r3
 239:Generated_Source\PSoC4/PrISM_2.c **** }
 380              		.loc 1 239 0
 381 000a 1800     		movs	r0, r3
 382 000c BD46     		mov	sp, r7
 383              		@ sp needed
 384 000e 80BD     		pop	{r7, pc}
 385              	.L29:
 386              		.align	2
ARM GAS  C:\Users\Jack\AppData\Local\Temp\cc1zkWF2.s 			page 12


 387              	.L28:
 388 0010 02000F40 		.word	1074724866
 389              		.cfi_endproc
 390              	.LFE8:
 391              		.size	PrISM_2_ReadSeed, .-PrISM_2_ReadSeed
 392              		.section	.text.PrISM_2_WriteSeed,"ax",%progbits
 393              		.align	2
 394              		.global	PrISM_2_WriteSeed
 395              		.code	16
 396              		.thumb_func
 397              		.type	PrISM_2_WriteSeed, %function
 398              	PrISM_2_WriteSeed:
 399              	.LFB9:
 240:Generated_Source\PSoC4/PrISM_2.c **** 
 241:Generated_Source\PSoC4/PrISM_2.c **** 
 242:Generated_Source\PSoC4/PrISM_2.c **** /*******************************************************************************
 243:Generated_Source\PSoC4/PrISM_2.c **** * FUNCTION NAME:   PrISM_2_WriteSeed
 244:Generated_Source\PSoC4/PrISM_2.c **** ********************************************************************************
 245:Generated_Source\PSoC4/PrISM_2.c **** *
 246:Generated_Source\PSoC4/PrISM_2.c **** * Summary:
 247:Generated_Source\PSoC4/PrISM_2.c **** *  Writes the PrISM Seed register with the start value.
 248:Generated_Source\PSoC4/PrISM_2.c **** *
 249:Generated_Source\PSoC4/PrISM_2.c **** * Parameters:
 250:Generated_Source\PSoC4/PrISM_2.c **** *  seed: Seed register value.
 251:Generated_Source\PSoC4/PrISM_2.c **** *
 252:Generated_Source\PSoC4/PrISM_2.c **** * Return:
 253:Generated_Source\PSoC4/PrISM_2.c **** *  None.
 254:Generated_Source\PSoC4/PrISM_2.c **** *
 255:Generated_Source\PSoC4/PrISM_2.c **** *******************************************************************************/
 256:Generated_Source\PSoC4/PrISM_2.c **** void PrISM_2_WriteSeed(uint8 seed) 
 257:Generated_Source\PSoC4/PrISM_2.c **** {
 400              		.loc 1 257 0
 401              		.cfi_startproc
 402              		@ args = 0, pretend = 0, frame = 8
 403              		@ frame_needed = 1, uses_anonymous_args = 0
 404 0000 80B5     		push	{r7, lr}
 405              		.cfi_def_cfa_offset 8
 406              		.cfi_offset 7, -8
 407              		.cfi_offset 14, -4
 408 0002 82B0     		sub	sp, sp, #8
 409              		.cfi_def_cfa_offset 16
 410 0004 00AF     		add	r7, sp, #0
 411              		.cfi_def_cfa_register 7
 412 0006 0200     		movs	r2, r0
 413 0008 FB1D     		adds	r3, r7, #7
 414 000a 1A70     		strb	r2, [r3]
 258:Generated_Source\PSoC4/PrISM_2.c ****     if(seed != 0u)
 415              		.loc 1 258 0
 416 000c FB1D     		adds	r3, r7, #7
 417 000e 1B78     		ldrb	r3, [r3]
 418 0010 002B     		cmp	r3, #0
 419 0012 07D0     		beq	.L32
 259:Generated_Source\PSoC4/PrISM_2.c ****     {
 260:Generated_Source\PSoC4/PrISM_2.c ****         CY_SET_REG8(PrISM_2_SEED_COPY_PTR, seed);
 420              		.loc 1 260 0
 421 0014 054A     		ldr	r2, .L33
 422 0016 FB1D     		adds	r3, r7, #7
ARM GAS  C:\Users\Jack\AppData\Local\Temp\cc1zkWF2.s 			page 13


 423 0018 1B78     		ldrb	r3, [r3]
 424 001a 1370     		strb	r3, [r2]
 261:Generated_Source\PSoC4/PrISM_2.c ****         CY_SET_REG8(PrISM_2_SEED_PTR, seed);
 425              		.loc 1 261 0
 426 001c 044A     		ldr	r2, .L33+4
 427 001e FB1D     		adds	r3, r7, #7
 428 0020 1B78     		ldrb	r3, [r3]
 429 0022 1370     		strb	r3, [r2]
 430              	.L32:
 262:Generated_Source\PSoC4/PrISM_2.c ****     }
 263:Generated_Source\PSoC4/PrISM_2.c **** }
 431              		.loc 1 263 0
 432 0024 C046     		nop
 433 0026 BD46     		mov	sp, r7
 434 0028 02B0     		add	sp, sp, #8
 435              		@ sp needed
 436 002a 80BD     		pop	{r7, pc}
 437              	.L34:
 438              		.align	2
 439              	.L33:
 440 002c 42000F40 		.word	1074724930
 441 0030 02000F40 		.word	1074724866
 442              		.cfi_endproc
 443              	.LFE9:
 444              		.size	PrISM_2_WriteSeed, .-PrISM_2_WriteSeed
 445              		.section	.text.PrISM_2_ReadPolynomial,"ax",%progbits
 446              		.align	2
 447              		.global	PrISM_2_ReadPolynomial
 448              		.code	16
 449              		.thumb_func
 450              		.type	PrISM_2_ReadPolynomial, %function
 451              	PrISM_2_ReadPolynomial:
 452              	.LFB10:
 264:Generated_Source\PSoC4/PrISM_2.c **** 
 265:Generated_Source\PSoC4/PrISM_2.c **** 
 266:Generated_Source\PSoC4/PrISM_2.c **** /*******************************************************************************
 267:Generated_Source\PSoC4/PrISM_2.c **** * FUNCTION NAME:   PrISM_2_ReadPolynomial
 268:Generated_Source\PSoC4/PrISM_2.c **** ********************************************************************************
 269:Generated_Source\PSoC4/PrISM_2.c **** *
 270:Generated_Source\PSoC4/PrISM_2.c **** * Summary:
 271:Generated_Source\PSoC4/PrISM_2.c **** *  Reads the PrISM polynomial.
 272:Generated_Source\PSoC4/PrISM_2.c **** *
 273:Generated_Source\PSoC4/PrISM_2.c **** * Parameters:
 274:Generated_Source\PSoC4/PrISM_2.c **** *  None.
 275:Generated_Source\PSoC4/PrISM_2.c **** *
 276:Generated_Source\PSoC4/PrISM_2.c **** * Return:
 277:Generated_Source\PSoC4/PrISM_2.c **** *  PrISM polynomial.
 278:Generated_Source\PSoC4/PrISM_2.c **** *
 279:Generated_Source\PSoC4/PrISM_2.c **** *******************************************************************************/
 280:Generated_Source\PSoC4/PrISM_2.c **** uint8 PrISM_2_ReadPolynomial(void) 
 281:Generated_Source\PSoC4/PrISM_2.c **** {
 453              		.loc 1 281 0
 454              		.cfi_startproc
 455              		@ args = 0, pretend = 0, frame = 0
 456              		@ frame_needed = 1, uses_anonymous_args = 0
 457 0000 80B5     		push	{r7, lr}
 458              		.cfi_def_cfa_offset 8
ARM GAS  C:\Users\Jack\AppData\Local\Temp\cc1zkWF2.s 			page 14


 459              		.cfi_offset 7, -8
 460              		.cfi_offset 14, -4
 461 0002 00AF     		add	r7, sp, #0
 462              		.cfi_def_cfa_register 7
 282:Generated_Source\PSoC4/PrISM_2.c ****     return( CY_GET_REG8(PrISM_2_POLYNOM_PTR) );
 463              		.loc 1 282 0
 464 0004 024B     		ldr	r3, .L37
 465 0006 1B78     		ldrb	r3, [r3]
 466 0008 DBB2     		uxtb	r3, r3
 283:Generated_Source\PSoC4/PrISM_2.c **** }
 467              		.loc 1 283 0
 468 000a 1800     		movs	r0, r3
 469 000c BD46     		mov	sp, r7
 470              		@ sp needed
 471 000e 80BD     		pop	{r7, pc}
 472              	.L38:
 473              		.align	2
 474              	.L37:
 475 0010 12000F40 		.word	1074724882
 476              		.cfi_endproc
 477              	.LFE10:
 478              		.size	PrISM_2_ReadPolynomial, .-PrISM_2_ReadPolynomial
 479              		.section	.text.PrISM_2_WritePolynomial,"ax",%progbits
 480              		.align	2
 481              		.global	PrISM_2_WritePolynomial
 482              		.code	16
 483              		.thumb_func
 484              		.type	PrISM_2_WritePolynomial, %function
 485              	PrISM_2_WritePolynomial:
 486              	.LFB11:
 284:Generated_Source\PSoC4/PrISM_2.c **** 
 285:Generated_Source\PSoC4/PrISM_2.c **** 
 286:Generated_Source\PSoC4/PrISM_2.c **** /*******************************************************************************
 287:Generated_Source\PSoC4/PrISM_2.c **** * FUNCTION NAME:   PrISM_2_WritePolynomial
 288:Generated_Source\PSoC4/PrISM_2.c **** ********************************************************************************
 289:Generated_Source\PSoC4/PrISM_2.c **** *
 290:Generated_Source\PSoC4/PrISM_2.c **** * Summary:
 291:Generated_Source\PSoC4/PrISM_2.c **** *  Writes the PrISM polynomial.
 292:Generated_Source\PSoC4/PrISM_2.c **** *
 293:Generated_Source\PSoC4/PrISM_2.c **** * Parameters:
 294:Generated_Source\PSoC4/PrISM_2.c **** *  polynomial: PrISM polynomial.
 295:Generated_Source\PSoC4/PrISM_2.c **** *
 296:Generated_Source\PSoC4/PrISM_2.c **** * Return:
 297:Generated_Source\PSoC4/PrISM_2.c **** *  None.
 298:Generated_Source\PSoC4/PrISM_2.c **** *
 299:Generated_Source\PSoC4/PrISM_2.c **** *******************************************************************************/
 300:Generated_Source\PSoC4/PrISM_2.c **** void PrISM_2_WritePolynomial(uint8 polynomial) \
 301:Generated_Source\PSoC4/PrISM_2.c ****                                                                 
 302:Generated_Source\PSoC4/PrISM_2.c **** {
 487              		.loc 1 302 0
 488              		.cfi_startproc
 489              		@ args = 0, pretend = 0, frame = 8
 490              		@ frame_needed = 1, uses_anonymous_args = 0
 491 0000 80B5     		push	{r7, lr}
 492              		.cfi_def_cfa_offset 8
 493              		.cfi_offset 7, -8
 494              		.cfi_offset 14, -4
ARM GAS  C:\Users\Jack\AppData\Local\Temp\cc1zkWF2.s 			page 15


 495 0002 82B0     		sub	sp, sp, #8
 496              		.cfi_def_cfa_offset 16
 497 0004 00AF     		add	r7, sp, #0
 498              		.cfi_def_cfa_register 7
 499 0006 0200     		movs	r2, r0
 500 0008 FB1D     		adds	r3, r7, #7
 501 000a 1A70     		strb	r2, [r3]
 303:Generated_Source\PSoC4/PrISM_2.c ****     CY_SET_REG8(PrISM_2_POLYNOM_PTR, polynomial);
 502              		.loc 1 303 0
 503 000c 034A     		ldr	r2, .L40
 504 000e FB1D     		adds	r3, r7, #7
 505 0010 1B78     		ldrb	r3, [r3]
 506 0012 1370     		strb	r3, [r2]
 304:Generated_Source\PSoC4/PrISM_2.c ****     
 305:Generated_Source\PSoC4/PrISM_2.c **** }
 507              		.loc 1 305 0
 508 0014 C046     		nop
 509 0016 BD46     		mov	sp, r7
 510 0018 02B0     		add	sp, sp, #8
 511              		@ sp needed
 512 001a 80BD     		pop	{r7, pc}
 513              	.L41:
 514              		.align	2
 515              	.L40:
 516 001c 12000F40 		.word	1074724882
 517              		.cfi_endproc
 518              	.LFE11:
 519              		.size	PrISM_2_WritePolynomial, .-PrISM_2_WritePolynomial
 520              		.section	.text.PrISM_2_ReadPulse0,"ax",%progbits
 521              		.align	2
 522              		.global	PrISM_2_ReadPulse0
 523              		.code	16
 524              		.thumb_func
 525              		.type	PrISM_2_ReadPulse0, %function
 526              	PrISM_2_ReadPulse0:
 527              	.LFB12:
 306:Generated_Source\PSoC4/PrISM_2.c **** 
 307:Generated_Source\PSoC4/PrISM_2.c **** 
 308:Generated_Source\PSoC4/PrISM_2.c **** /*******************************************************************************
 309:Generated_Source\PSoC4/PrISM_2.c **** * FUNCTION NAME:   PrISM_2_ReadPulse0
 310:Generated_Source\PSoC4/PrISM_2.c **** ********************************************************************************
 311:Generated_Source\PSoC4/PrISM_2.c **** *
 312:Generated_Source\PSoC4/PrISM_2.c **** * Summary:
 313:Generated_Source\PSoC4/PrISM_2.c **** *  Reads the PrISM Pulse Density0 register.
 314:Generated_Source\PSoC4/PrISM_2.c **** *
 315:Generated_Source\PSoC4/PrISM_2.c **** * Parameters:
 316:Generated_Source\PSoC4/PrISM_2.c **** *  None.
 317:Generated_Source\PSoC4/PrISM_2.c **** *
 318:Generated_Source\PSoC4/PrISM_2.c **** * Return:
 319:Generated_Source\PSoC4/PrISM_2.c **** *  Pulse Density0 register value.
 320:Generated_Source\PSoC4/PrISM_2.c **** *
 321:Generated_Source\PSoC4/PrISM_2.c **** *******************************************************************************/
 322:Generated_Source\PSoC4/PrISM_2.c **** uint8 PrISM_2_ReadPulse0(void) 
 323:Generated_Source\PSoC4/PrISM_2.c **** {
 528              		.loc 1 323 0
 529              		.cfi_startproc
 530              		@ args = 0, pretend = 0, frame = 0
ARM GAS  C:\Users\Jack\AppData\Local\Temp\cc1zkWF2.s 			page 16


 531              		@ frame_needed = 1, uses_anonymous_args = 0
 532 0000 80B5     		push	{r7, lr}
 533              		.cfi_def_cfa_offset 8
 534              		.cfi_offset 7, -8
 535              		.cfi_offset 14, -4
 536 0002 00AF     		add	r7, sp, #0
 537              		.cfi_def_cfa_register 7
 324:Generated_Source\PSoC4/PrISM_2.c ****     return( CY_GET_REG8(PrISM_2_DENSITY0_PTR) );
 538              		.loc 1 324 0
 539 0004 024B     		ldr	r3, .L44
 540 0006 1B78     		ldrb	r3, [r3]
 541 0008 DBB2     		uxtb	r3, r3
 325:Generated_Source\PSoC4/PrISM_2.c **** }
 542              		.loc 1 325 0
 543 000a 1800     		movs	r0, r3
 544 000c BD46     		mov	sp, r7
 545              		@ sp needed
 546 000e 80BD     		pop	{r7, pc}
 547              	.L45:
 548              		.align	2
 549              	.L44:
 550 0010 22000F40 		.word	1074724898
 551              		.cfi_endproc
 552              	.LFE12:
 553              		.size	PrISM_2_ReadPulse0, .-PrISM_2_ReadPulse0
 554              		.section	.text.PrISM_2_WritePulse0,"ax",%progbits
 555              		.align	2
 556              		.global	PrISM_2_WritePulse0
 557              		.code	16
 558              		.thumb_func
 559              		.type	PrISM_2_WritePulse0, %function
 560              	PrISM_2_WritePulse0:
 561              	.LFB13:
 326:Generated_Source\PSoC4/PrISM_2.c **** 
 327:Generated_Source\PSoC4/PrISM_2.c **** 
 328:Generated_Source\PSoC4/PrISM_2.c **** /*******************************************************************************
 329:Generated_Source\PSoC4/PrISM_2.c **** * FUNCTION NAME:   PrISM_2_WritePulse0
 330:Generated_Source\PSoC4/PrISM_2.c **** ********************************************************************************
 331:Generated_Source\PSoC4/PrISM_2.c **** *
 332:Generated_Source\PSoC4/PrISM_2.c **** * Summary:
 333:Generated_Source\PSoC4/PrISM_2.c **** *  Writes the PrISM Pulse Density0 register with the Pulse Density value.
 334:Generated_Source\PSoC4/PrISM_2.c **** *
 335:Generated_Source\PSoC4/PrISM_2.c **** * Parameters:
 336:Generated_Source\PSoC4/PrISM_2.c **** *  pulseDensity0: Pulse Density value.
 337:Generated_Source\PSoC4/PrISM_2.c **** *
 338:Generated_Source\PSoC4/PrISM_2.c **** * Return:
 339:Generated_Source\PSoC4/PrISM_2.c **** *  None.
 340:Generated_Source\PSoC4/PrISM_2.c **** *
 341:Generated_Source\PSoC4/PrISM_2.c **** *******************************************************************************/
 342:Generated_Source\PSoC4/PrISM_2.c **** void PrISM_2_WritePulse0(uint8 pulseDensity0) \
 343:Generated_Source\PSoC4/PrISM_2.c ****                                                                 
 344:Generated_Source\PSoC4/PrISM_2.c **** {
 562              		.loc 1 344 0
 563              		.cfi_startproc
 564              		@ args = 0, pretend = 0, frame = 8
 565              		@ frame_needed = 1, uses_anonymous_args = 0
 566 0000 80B5     		push	{r7, lr}
ARM GAS  C:\Users\Jack\AppData\Local\Temp\cc1zkWF2.s 			page 17


 567              		.cfi_def_cfa_offset 8
 568              		.cfi_offset 7, -8
 569              		.cfi_offset 14, -4
 570 0002 82B0     		sub	sp, sp, #8
 571              		.cfi_def_cfa_offset 16
 572 0004 00AF     		add	r7, sp, #0
 573              		.cfi_def_cfa_register 7
 574 0006 0200     		movs	r2, r0
 575 0008 FB1D     		adds	r3, r7, #7
 576 000a 1A70     		strb	r2, [r3]
 345:Generated_Source\PSoC4/PrISM_2.c ****     CY_SET_REG8(PrISM_2_DENSITY0_PTR, pulseDensity0);
 577              		.loc 1 345 0
 578 000c 034A     		ldr	r2, .L47
 579 000e FB1D     		adds	r3, r7, #7
 580 0010 1B78     		ldrb	r3, [r3]
 581 0012 1370     		strb	r3, [r2]
 346:Generated_Source\PSoC4/PrISM_2.c **** }
 582              		.loc 1 346 0
 583 0014 C046     		nop
 584 0016 BD46     		mov	sp, r7
 585 0018 02B0     		add	sp, sp, #8
 586              		@ sp needed
 587 001a 80BD     		pop	{r7, pc}
 588              	.L48:
 589              		.align	2
 590              	.L47:
 591 001c 22000F40 		.word	1074724898
 592              		.cfi_endproc
 593              	.LFE13:
 594              		.size	PrISM_2_WritePulse0, .-PrISM_2_WritePulse0
 595              		.section	.text.PrISM_2_ReadPulse1,"ax",%progbits
 596              		.align	2
 597              		.global	PrISM_2_ReadPulse1
 598              		.code	16
 599              		.thumb_func
 600              		.type	PrISM_2_ReadPulse1, %function
 601              	PrISM_2_ReadPulse1:
 602              	.LFB14:
 347:Generated_Source\PSoC4/PrISM_2.c **** 
 348:Generated_Source\PSoC4/PrISM_2.c **** 
 349:Generated_Source\PSoC4/PrISM_2.c **** /*******************************************************************************
 350:Generated_Source\PSoC4/PrISM_2.c **** * FUNCTION NAME:   PrISM_2_ReadPulse1
 351:Generated_Source\PSoC4/PrISM_2.c **** ********************************************************************************
 352:Generated_Source\PSoC4/PrISM_2.c **** *
 353:Generated_Source\PSoC4/PrISM_2.c **** * Summary:
 354:Generated_Source\PSoC4/PrISM_2.c **** *  Reads the PrISM Pulse Density1 register.
 355:Generated_Source\PSoC4/PrISM_2.c **** *
 356:Generated_Source\PSoC4/PrISM_2.c **** * Parameters:
 357:Generated_Source\PSoC4/PrISM_2.c **** *  None.
 358:Generated_Source\PSoC4/PrISM_2.c **** *
 359:Generated_Source\PSoC4/PrISM_2.c **** * Return:
 360:Generated_Source\PSoC4/PrISM_2.c **** *  Pulse Density1 register value.
 361:Generated_Source\PSoC4/PrISM_2.c **** *
 362:Generated_Source\PSoC4/PrISM_2.c **** *******************************************************************************/
 363:Generated_Source\PSoC4/PrISM_2.c **** uint8 PrISM_2_ReadPulse1(void) 
 364:Generated_Source\PSoC4/PrISM_2.c **** {
 603              		.loc 1 364 0
ARM GAS  C:\Users\Jack\AppData\Local\Temp\cc1zkWF2.s 			page 18


 604              		.cfi_startproc
 605              		@ args = 0, pretend = 0, frame = 0
 606              		@ frame_needed = 1, uses_anonymous_args = 0
 607 0000 80B5     		push	{r7, lr}
 608              		.cfi_def_cfa_offset 8
 609              		.cfi_offset 7, -8
 610              		.cfi_offset 14, -4
 611 0002 00AF     		add	r7, sp, #0
 612              		.cfi_def_cfa_register 7
 365:Generated_Source\PSoC4/PrISM_2.c ****     return( CY_GET_REG8(PrISM_2_DENSITY1_PTR) );
 613              		.loc 1 365 0
 614 0004 024B     		ldr	r3, .L51
 615 0006 1B78     		ldrb	r3, [r3]
 616 0008 DBB2     		uxtb	r3, r3
 366:Generated_Source\PSoC4/PrISM_2.c **** }
 617              		.loc 1 366 0
 618 000a 1800     		movs	r0, r3
 619 000c BD46     		mov	sp, r7
 620              		@ sp needed
 621 000e 80BD     		pop	{r7, pc}
 622              	.L52:
 623              		.align	2
 624              	.L51:
 625 0010 32000F40 		.word	1074724914
 626              		.cfi_endproc
 627              	.LFE14:
 628              		.size	PrISM_2_ReadPulse1, .-PrISM_2_ReadPulse1
 629              		.section	.text.PrISM_2_WritePulse1,"ax",%progbits
 630              		.align	2
 631              		.global	PrISM_2_WritePulse1
 632              		.code	16
 633              		.thumb_func
 634              		.type	PrISM_2_WritePulse1, %function
 635              	PrISM_2_WritePulse1:
 636              	.LFB15:
 367:Generated_Source\PSoC4/PrISM_2.c **** 
 368:Generated_Source\PSoC4/PrISM_2.c **** 
 369:Generated_Source\PSoC4/PrISM_2.c **** /*******************************************************************************
 370:Generated_Source\PSoC4/PrISM_2.c **** * FUNCTION NAME:   PrISM_2_WritePulse1
 371:Generated_Source\PSoC4/PrISM_2.c **** ********************************************************************************
 372:Generated_Source\PSoC4/PrISM_2.c **** *
 373:Generated_Source\PSoC4/PrISM_2.c **** * Summary:
 374:Generated_Source\PSoC4/PrISM_2.c **** *  Writes the PrISM Pulse Density1 register with the Pulse Density value.
 375:Generated_Source\PSoC4/PrISM_2.c **** *
 376:Generated_Source\PSoC4/PrISM_2.c **** * Parameters:
 377:Generated_Source\PSoC4/PrISM_2.c **** *  pulseDensity1: Pulse Density value.
 378:Generated_Source\PSoC4/PrISM_2.c **** *
 379:Generated_Source\PSoC4/PrISM_2.c **** * Return:
 380:Generated_Source\PSoC4/PrISM_2.c **** *  None.
 381:Generated_Source\PSoC4/PrISM_2.c **** *
 382:Generated_Source\PSoC4/PrISM_2.c **** *******************************************************************************/
 383:Generated_Source\PSoC4/PrISM_2.c **** void PrISM_2_WritePulse1(uint8 pulseDensity1) \
 384:Generated_Source\PSoC4/PrISM_2.c ****                                                                     
 385:Generated_Source\PSoC4/PrISM_2.c **** {
 637              		.loc 1 385 0
 638              		.cfi_startproc
 639              		@ args = 0, pretend = 0, frame = 8
ARM GAS  C:\Users\Jack\AppData\Local\Temp\cc1zkWF2.s 			page 19


 640              		@ frame_needed = 1, uses_anonymous_args = 0
 641 0000 80B5     		push	{r7, lr}
 642              		.cfi_def_cfa_offset 8
 643              		.cfi_offset 7, -8
 644              		.cfi_offset 14, -4
 645 0002 82B0     		sub	sp, sp, #8
 646              		.cfi_def_cfa_offset 16
 647 0004 00AF     		add	r7, sp, #0
 648              		.cfi_def_cfa_register 7
 649 0006 0200     		movs	r2, r0
 650 0008 FB1D     		adds	r3, r7, #7
 651 000a 1A70     		strb	r2, [r3]
 386:Generated_Source\PSoC4/PrISM_2.c ****     CY_SET_REG8(PrISM_2_DENSITY1_PTR, pulseDensity1);
 652              		.loc 1 386 0
 653 000c 034A     		ldr	r2, .L54
 654 000e FB1D     		adds	r3, r7, #7
 655 0010 1B78     		ldrb	r3, [r3]
 656 0012 1370     		strb	r3, [r2]
 387:Generated_Source\PSoC4/PrISM_2.c **** }
 657              		.loc 1 387 0
 658 0014 C046     		nop
 659 0016 BD46     		mov	sp, r7
 660 0018 02B0     		add	sp, sp, #8
 661              		@ sp needed
 662 001a 80BD     		pop	{r7, pc}
 663              	.L55:
 664              		.align	2
 665              	.L54:
 666 001c 32000F40 		.word	1074724914
 667              		.cfi_endproc
 668              	.LFE15:
 669              		.size	PrISM_2_WritePulse1, .-PrISM_2_WritePulse1
 670              		.text
 671              	.Letext0:
 672              		.file 2 "Generated_Source\\PSoC4\\cytypes.h"
 673              		.section	.debug_info,"",%progbits
 674              	.Ldebug_info0:
 675 0000 47020000 		.4byte	0x247
 676 0004 0400     		.2byte	0x4
 677 0006 00000000 		.4byte	.Ldebug_abbrev0
 678 000a 04       		.byte	0x4
 679 000b 01       		.uleb128 0x1
 680 000c 3F010000 		.4byte	.LASF36
 681 0010 0C       		.byte	0xc
 682 0011 8C020000 		.4byte	.LASF37
 683 0015 00000000 		.4byte	.LASF38
 684 0019 00000000 		.4byte	.Ldebug_ranges0+0
 685 001d 00000000 		.4byte	0
 686 0021 00000000 		.4byte	.Ldebug_line0
 687 0025 02       		.uleb128 0x2
 688 0026 01       		.byte	0x1
 689 0027 06       		.byte	0x6
 690 0028 F9020000 		.4byte	.LASF0
 691 002c 02       		.uleb128 0x2
 692 002d 01       		.byte	0x1
 693 002e 08       		.byte	0x8
 694 002f E1000000 		.4byte	.LASF1
ARM GAS  C:\Users\Jack\AppData\Local\Temp\cc1zkWF2.s 			page 20


 695 0033 02       		.uleb128 0x2
 696 0034 02       		.byte	0x2
 697 0035 05       		.byte	0x5
 698 0036 BE020000 		.4byte	.LASF2
 699 003a 02       		.uleb128 0x2
 700 003b 02       		.byte	0x2
 701 003c 07       		.byte	0x7
 702 003d 99000000 		.4byte	.LASF3
 703 0041 02       		.uleb128 0x2
 704 0042 04       		.byte	0x4
 705 0043 05       		.byte	0x5
 706 0044 E4020000 		.4byte	.LASF4
 707 0048 02       		.uleb128 0x2
 708 0049 04       		.byte	0x4
 709 004a 07       		.byte	0x7
 710 004b 01010000 		.4byte	.LASF5
 711 004f 02       		.uleb128 0x2
 712 0050 08       		.byte	0x8
 713 0051 05       		.byte	0x5
 714 0052 5D020000 		.4byte	.LASF6
 715 0056 02       		.uleb128 0x2
 716 0057 08       		.byte	0x8
 717 0058 07       		.byte	0x7
 718 0059 1E020000 		.4byte	.LASF7
 719 005d 03       		.uleb128 0x3
 720 005e 04       		.byte	0x4
 721 005f 05       		.byte	0x5
 722 0060 696E7400 		.ascii	"int\000"
 723 0064 02       		.uleb128 0x2
 724 0065 04       		.byte	0x4
 725 0066 07       		.byte	0x7
 726 0067 11020000 		.4byte	.LASF8
 727 006b 04       		.uleb128 0x4
 728 006c 13010000 		.4byte	.LASF12
 729 0070 02       		.byte	0x2
 730 0071 E401     		.2byte	0x1e4
 731 0073 2C000000 		.4byte	0x2c
 732 0077 02       		.uleb128 0x2
 733 0078 04       		.byte	0x4
 734 0079 04       		.byte	0x4
 735 007a DB000000 		.4byte	.LASF9
 736 007e 02       		.uleb128 0x2
 737 007f 08       		.byte	0x8
 738 0080 04       		.byte	0x4
 739 0081 F4010000 		.4byte	.LASF10
 740 0085 02       		.uleb128 0x2
 741 0086 01       		.byte	0x1
 742 0087 08       		.byte	0x8
 743 0088 6B020000 		.4byte	.LASF11
 744 008c 04       		.uleb128 0x4
 745 008d EF000000 		.4byte	.LASF13
 746 0091 02       		.byte	0x2
 747 0092 8E02     		.2byte	0x28e
 748 0094 98000000 		.4byte	0x98
 749 0098 05       		.uleb128 0x5
 750 0099 6B000000 		.4byte	0x6b
 751 009d 02       		.uleb128 0x2
ARM GAS  C:\Users\Jack\AppData\Local\Temp\cc1zkWF2.s 			page 21


 752 009e 08       		.byte	0x8
 753 009f 04       		.byte	0x4
 754 00a0 ED020000 		.4byte	.LASF14
 755 00a4 02       		.uleb128 0x2
 756 00a5 04       		.byte	0x4
 757 00a6 07       		.byte	0x7
 758 00a7 54020000 		.4byte	.LASF15
 759 00ab 06       		.uleb128 0x6
 760 00ac C2000000 		.4byte	.LASF16
 761 00b0 01       		.byte	0x1
 762 00b1 36       		.byte	0x36
 763 00b2 00000000 		.4byte	.LFB2
 764 00b6 24000000 		.4byte	.LFE2-.LFB2
 765 00ba 01       		.uleb128 0x1
 766 00bb 9C       		.byte	0x9c
 767 00bc 07       		.uleb128 0x7
 768 00bd F4000000 		.4byte	.LASF19
 769 00c1 01       		.byte	0x1
 770 00c2 52       		.byte	0x52
 771 00c3 00000000 		.4byte	.LFB3
 772 00c7 74000000 		.4byte	.LFE3-.LFB3
 773 00cb 01       		.uleb128 0x1
 774 00cc 9C       		.byte	0x9c
 775 00cd E0000000 		.4byte	0xe0
 776 00d1 08       		.uleb128 0x8
 777 00d2 CD010000 		.4byte	.LASF39
 778 00d6 01       		.byte	0x1
 779 00d7 54       		.byte	0x54
 780 00d8 6B000000 		.4byte	0x6b
 781 00dc 02       		.uleb128 0x2
 782 00dd 91       		.byte	0x91
 783 00de 6F       		.sleb128 -17
 784 00df 00       		.byte	0
 785 00e0 09       		.uleb128 0x9
 786 00e1 05030000 		.4byte	.LASF17
 787 00e5 01       		.byte	0x1
 788 00e6 81       		.byte	0x81
 789 00e7 00000000 		.4byte	.LFB4
 790 00eb 20000000 		.4byte	.LFE4-.LFB4
 791 00ef 01       		.uleb128 0x1
 792 00f0 9C       		.byte	0x9c
 793 00f1 09       		.uleb128 0x9
 794 00f2 47020000 		.4byte	.LASF18
 795 00f6 01       		.byte	0x1
 796 00f7 98       		.byte	0x98
 797 00f8 00000000 		.4byte	.LFB5
 798 00fc 20000000 		.4byte	.LFE5-.LFB5
 799 0100 01       		.uleb128 0x1
 800 0101 9C       		.byte	0x9c
 801 0102 0A       		.uleb128 0xa
 802 0103 AC000000 		.4byte	.LASF20
 803 0107 01       		.byte	0x1
 804 0108 B3       		.byte	0xb3
 805 0109 00000000 		.4byte	.LFB6
 806 010d 44000000 		.4byte	.LFE6-.LFB6
 807 0111 01       		.uleb128 0x1
 808 0112 9C       		.byte	0x9c
ARM GAS  C:\Users\Jack\AppData\Local\Temp\cc1zkWF2.s 			page 22


 809 0113 26010000 		.4byte	0x126
 810 0117 0B       		.uleb128 0xb
 811 0118 D0000000 		.4byte	.LASF22
 812 011c 01       		.byte	0x1
 813 011d B3       		.byte	0xb3
 814 011e 6B000000 		.4byte	0x6b
 815 0122 02       		.uleb128 0x2
 816 0123 91       		.byte	0x91
 817 0124 77       		.sleb128 -9
 818 0125 00       		.byte	0
 819 0126 0A       		.uleb128 0xa
 820 0127 DE010000 		.4byte	.LASF21
 821 012b 01       		.byte	0x1
 822 012c CF       		.byte	0xcf
 823 012d 00000000 		.4byte	.LFB7
 824 0131 44000000 		.4byte	.LFE7-.LFB7
 825 0135 01       		.uleb128 0x1
 826 0136 9C       		.byte	0x9c
 827 0137 4A010000 		.4byte	0x14a
 828 013b 0B       		.uleb128 0xb
 829 013c 06020000 		.4byte	.LASF23
 830 0140 01       		.byte	0x1
 831 0141 CF       		.byte	0xcf
 832 0142 6B000000 		.4byte	0x6b
 833 0146 02       		.uleb128 0x2
 834 0147 91       		.byte	0x91
 835 0148 77       		.sleb128 -9
 836 0149 00       		.byte	0
 837 014a 0C       		.uleb128 0xc
 838 014b AD020000 		.4byte	.LASF26
 839 014f 01       		.byte	0x1
 840 0150 EC       		.byte	0xec
 841 0151 6B000000 		.4byte	0x6b
 842 0155 00000000 		.4byte	.LFB8
 843 0159 14000000 		.4byte	.LFE8-.LFB8
 844 015d 01       		.uleb128 0x1
 845 015e 9C       		.byte	0x9c
 846 015f 0D       		.uleb128 0xd
 847 0160 35020000 		.4byte	.LASF24
 848 0164 01       		.byte	0x1
 849 0165 0001     		.2byte	0x100
 850 0167 00000000 		.4byte	.LFB9
 851 016b 34000000 		.4byte	.LFE9-.LFB9
 852 016f 01       		.uleb128 0x1
 853 0170 9C       		.byte	0x9c
 854 0171 85010000 		.4byte	0x185
 855 0175 0E       		.uleb128 0xe
 856 0176 C8020000 		.4byte	.LASF25
 857 017a 01       		.byte	0x1
 858 017b 0001     		.2byte	0x100
 859 017d 6B000000 		.4byte	0x6b
 860 0181 02       		.uleb128 0x2
 861 0182 91       		.byte	0x91
 862 0183 77       		.sleb128 -9
 863 0184 00       		.byte	0
 864 0185 0F       		.uleb128 0xf
 865 0186 CD020000 		.4byte	.LASF27
ARM GAS  C:\Users\Jack\AppData\Local\Temp\cc1zkWF2.s 			page 23


 866 018a 01       		.byte	0x1
 867 018b 1801     		.2byte	0x118
 868 018d 6B000000 		.4byte	0x6b
 869 0191 00000000 		.4byte	.LFB10
 870 0195 14000000 		.4byte	.LFE10-.LFB10
 871 0199 01       		.uleb128 0x1
 872 019a 9C       		.byte	0x9c
 873 019b 0D       		.uleb128 0xd
 874 019c 81000000 		.4byte	.LASF28
 875 01a0 01       		.byte	0x1
 876 01a1 2C01     		.2byte	0x12c
 877 01a3 00000000 		.4byte	.LFB11
 878 01a7 20000000 		.4byte	.LFE11-.LFB11
 879 01ab 01       		.uleb128 0x1
 880 01ac 9C       		.byte	0x9c
 881 01ad C1010000 		.4byte	0x1c1
 882 01b1 0E       		.uleb128 0xe
 883 01b2 FB010000 		.4byte	.LASF29
 884 01b6 01       		.byte	0x1
 885 01b7 2C01     		.2byte	0x12c
 886 01b9 6B000000 		.4byte	0x6b
 887 01bd 02       		.uleb128 0x2
 888 01be 91       		.byte	0x91
 889 01bf 77       		.sleb128 -9
 890 01c0 00       		.byte	0
 891 01c1 0F       		.uleb128 0xf
 892 01c2 19010000 		.4byte	.LASF30
 893 01c6 01       		.byte	0x1
 894 01c7 4201     		.2byte	0x142
 895 01c9 6B000000 		.4byte	0x6b
 896 01cd 00000000 		.4byte	.LFB12
 897 01d1 14000000 		.4byte	.LFE12-.LFB12
 898 01d5 01       		.uleb128 0x1
 899 01d6 9C       		.byte	0x9c
 900 01d7 0D       		.uleb128 0xd
 901 01d8 24030000 		.4byte	.LASF31
 902 01dc 01       		.byte	0x1
 903 01dd 5601     		.2byte	0x156
 904 01df 00000000 		.4byte	.LFB13
 905 01e3 20000000 		.4byte	.LFE13-.LFB13
 906 01e7 01       		.uleb128 0x1
 907 01e8 9C       		.byte	0x9c
 908 01e9 FD010000 		.4byte	0x1fd
 909 01ed 0E       		.uleb128 0xe
 910 01ee 70020000 		.4byte	.LASF32
 911 01f2 01       		.byte	0x1
 912 01f3 5601     		.2byte	0x156
 913 01f5 6B000000 		.4byte	0x6b
 914 01f9 02       		.uleb128 0x2
 915 01fa 91       		.byte	0x91
 916 01fb 77       		.sleb128 -9
 917 01fc 00       		.byte	0
 918 01fd 0F       		.uleb128 0xf
 919 01fe 2C010000 		.4byte	.LASF33
 920 0202 01       		.byte	0x1
 921 0203 6B01     		.2byte	0x16b
 922 0205 6B000000 		.4byte	0x6b
ARM GAS  C:\Users\Jack\AppData\Local\Temp\cc1zkWF2.s 			page 24


 923 0209 00000000 		.4byte	.LFB14
 924 020d 14000000 		.4byte	.LFE14-.LFB14
 925 0211 01       		.uleb128 0x1
 926 0212 9C       		.byte	0x9c
 927 0213 0D       		.uleb128 0xd
 928 0214 38030000 		.4byte	.LASF34
 929 0218 01       		.byte	0x1
 930 0219 7F01     		.2byte	0x17f
 931 021b 00000000 		.4byte	.LFB15
 932 021f 20000000 		.4byte	.LFE15-.LFB15
 933 0223 01       		.uleb128 0x1
 934 0224 9C       		.byte	0x9c
 935 0225 39020000 		.4byte	0x239
 936 0229 0E       		.uleb128 0xe
 937 022a 7E020000 		.4byte	.LASF35
 938 022e 01       		.byte	0x1
 939 022f 7F01     		.2byte	0x17f
 940 0231 6B000000 		.4byte	0x6b
 941 0235 02       		.uleb128 0x2
 942 0236 91       		.byte	0x91
 943 0237 77       		.sleb128 -9
 944 0238 00       		.byte	0
 945 0239 10       		.uleb128 0x10
 946 023a 14030000 		.4byte	.LASF40
 947 023e 01       		.byte	0x1
 948 023f 1A       		.byte	0x1a
 949 0240 6B000000 		.4byte	0x6b
 950 0244 05       		.uleb128 0x5
 951 0245 03       		.byte	0x3
 952 0246 00000000 		.4byte	PrISM_2_initVar
 953 024a 00       		.byte	0
 954              		.section	.debug_abbrev,"",%progbits
 955              	.Ldebug_abbrev0:
 956 0000 01       		.uleb128 0x1
 957 0001 11       		.uleb128 0x11
 958 0002 01       		.byte	0x1
 959 0003 25       		.uleb128 0x25
 960 0004 0E       		.uleb128 0xe
 961 0005 13       		.uleb128 0x13
 962 0006 0B       		.uleb128 0xb
 963 0007 03       		.uleb128 0x3
 964 0008 0E       		.uleb128 0xe
 965 0009 1B       		.uleb128 0x1b
 966 000a 0E       		.uleb128 0xe
 967 000b 55       		.uleb128 0x55
 968 000c 17       		.uleb128 0x17
 969 000d 11       		.uleb128 0x11
 970 000e 01       		.uleb128 0x1
 971 000f 10       		.uleb128 0x10
 972 0010 17       		.uleb128 0x17
 973 0011 00       		.byte	0
 974 0012 00       		.byte	0
 975 0013 02       		.uleb128 0x2
 976 0014 24       		.uleb128 0x24
 977 0015 00       		.byte	0
 978 0016 0B       		.uleb128 0xb
 979 0017 0B       		.uleb128 0xb
ARM GAS  C:\Users\Jack\AppData\Local\Temp\cc1zkWF2.s 			page 25


 980 0018 3E       		.uleb128 0x3e
 981 0019 0B       		.uleb128 0xb
 982 001a 03       		.uleb128 0x3
 983 001b 0E       		.uleb128 0xe
 984 001c 00       		.byte	0
 985 001d 00       		.byte	0
 986 001e 03       		.uleb128 0x3
 987 001f 24       		.uleb128 0x24
 988 0020 00       		.byte	0
 989 0021 0B       		.uleb128 0xb
 990 0022 0B       		.uleb128 0xb
 991 0023 3E       		.uleb128 0x3e
 992 0024 0B       		.uleb128 0xb
 993 0025 03       		.uleb128 0x3
 994 0026 08       		.uleb128 0x8
 995 0027 00       		.byte	0
 996 0028 00       		.byte	0
 997 0029 04       		.uleb128 0x4
 998 002a 16       		.uleb128 0x16
 999 002b 00       		.byte	0
 1000 002c 03       		.uleb128 0x3
 1001 002d 0E       		.uleb128 0xe
 1002 002e 3A       		.uleb128 0x3a
 1003 002f 0B       		.uleb128 0xb
 1004 0030 3B       		.uleb128 0x3b
 1005 0031 05       		.uleb128 0x5
 1006 0032 49       		.uleb128 0x49
 1007 0033 13       		.uleb128 0x13
 1008 0034 00       		.byte	0
 1009 0035 00       		.byte	0
 1010 0036 05       		.uleb128 0x5
 1011 0037 35       		.uleb128 0x35
 1012 0038 00       		.byte	0
 1013 0039 49       		.uleb128 0x49
 1014 003a 13       		.uleb128 0x13
 1015 003b 00       		.byte	0
 1016 003c 00       		.byte	0
 1017 003d 06       		.uleb128 0x6
 1018 003e 2E       		.uleb128 0x2e
 1019 003f 00       		.byte	0
 1020 0040 3F       		.uleb128 0x3f
 1021 0041 19       		.uleb128 0x19
 1022 0042 03       		.uleb128 0x3
 1023 0043 0E       		.uleb128 0xe
 1024 0044 3A       		.uleb128 0x3a
 1025 0045 0B       		.uleb128 0xb
 1026 0046 3B       		.uleb128 0x3b
 1027 0047 0B       		.uleb128 0xb
 1028 0048 27       		.uleb128 0x27
 1029 0049 19       		.uleb128 0x19
 1030 004a 11       		.uleb128 0x11
 1031 004b 01       		.uleb128 0x1
 1032 004c 12       		.uleb128 0x12
 1033 004d 06       		.uleb128 0x6
 1034 004e 40       		.uleb128 0x40
 1035 004f 18       		.uleb128 0x18
 1036 0050 9642     		.uleb128 0x2116
ARM GAS  C:\Users\Jack\AppData\Local\Temp\cc1zkWF2.s 			page 26


 1037 0052 19       		.uleb128 0x19
 1038 0053 00       		.byte	0
 1039 0054 00       		.byte	0
 1040 0055 07       		.uleb128 0x7
 1041 0056 2E       		.uleb128 0x2e
 1042 0057 01       		.byte	0x1
 1043 0058 3F       		.uleb128 0x3f
 1044 0059 19       		.uleb128 0x19
 1045 005a 03       		.uleb128 0x3
 1046 005b 0E       		.uleb128 0xe
 1047 005c 3A       		.uleb128 0x3a
 1048 005d 0B       		.uleb128 0xb
 1049 005e 3B       		.uleb128 0x3b
 1050 005f 0B       		.uleb128 0xb
 1051 0060 27       		.uleb128 0x27
 1052 0061 19       		.uleb128 0x19
 1053 0062 11       		.uleb128 0x11
 1054 0063 01       		.uleb128 0x1
 1055 0064 12       		.uleb128 0x12
 1056 0065 06       		.uleb128 0x6
 1057 0066 40       		.uleb128 0x40
 1058 0067 18       		.uleb128 0x18
 1059 0068 9642     		.uleb128 0x2116
 1060 006a 19       		.uleb128 0x19
 1061 006b 01       		.uleb128 0x1
 1062 006c 13       		.uleb128 0x13
 1063 006d 00       		.byte	0
 1064 006e 00       		.byte	0
 1065 006f 08       		.uleb128 0x8
 1066 0070 34       		.uleb128 0x34
 1067 0071 00       		.byte	0
 1068 0072 03       		.uleb128 0x3
 1069 0073 0E       		.uleb128 0xe
 1070 0074 3A       		.uleb128 0x3a
 1071 0075 0B       		.uleb128 0xb
 1072 0076 3B       		.uleb128 0x3b
 1073 0077 0B       		.uleb128 0xb
 1074 0078 49       		.uleb128 0x49
 1075 0079 13       		.uleb128 0x13
 1076 007a 02       		.uleb128 0x2
 1077 007b 18       		.uleb128 0x18
 1078 007c 00       		.byte	0
 1079 007d 00       		.byte	0
 1080 007e 09       		.uleb128 0x9
 1081 007f 2E       		.uleb128 0x2e
 1082 0080 00       		.byte	0
 1083 0081 3F       		.uleb128 0x3f
 1084 0082 19       		.uleb128 0x19
 1085 0083 03       		.uleb128 0x3
 1086 0084 0E       		.uleb128 0xe
 1087 0085 3A       		.uleb128 0x3a
 1088 0086 0B       		.uleb128 0xb
 1089 0087 3B       		.uleb128 0x3b
 1090 0088 0B       		.uleb128 0xb
 1091 0089 27       		.uleb128 0x27
 1092 008a 19       		.uleb128 0x19
 1093 008b 11       		.uleb128 0x11
ARM GAS  C:\Users\Jack\AppData\Local\Temp\cc1zkWF2.s 			page 27


 1094 008c 01       		.uleb128 0x1
 1095 008d 12       		.uleb128 0x12
 1096 008e 06       		.uleb128 0x6
 1097 008f 40       		.uleb128 0x40
 1098 0090 18       		.uleb128 0x18
 1099 0091 9742     		.uleb128 0x2117
 1100 0093 19       		.uleb128 0x19
 1101 0094 00       		.byte	0
 1102 0095 00       		.byte	0
 1103 0096 0A       		.uleb128 0xa
 1104 0097 2E       		.uleb128 0x2e
 1105 0098 01       		.byte	0x1
 1106 0099 3F       		.uleb128 0x3f
 1107 009a 19       		.uleb128 0x19
 1108 009b 03       		.uleb128 0x3
 1109 009c 0E       		.uleb128 0xe
 1110 009d 3A       		.uleb128 0x3a
 1111 009e 0B       		.uleb128 0xb
 1112 009f 3B       		.uleb128 0x3b
 1113 00a0 0B       		.uleb128 0xb
 1114 00a1 27       		.uleb128 0x27
 1115 00a2 19       		.uleb128 0x19
 1116 00a3 11       		.uleb128 0x11
 1117 00a4 01       		.uleb128 0x1
 1118 00a5 12       		.uleb128 0x12
 1119 00a6 06       		.uleb128 0x6
 1120 00a7 40       		.uleb128 0x40
 1121 00a8 18       		.uleb128 0x18
 1122 00a9 9742     		.uleb128 0x2117
 1123 00ab 19       		.uleb128 0x19
 1124 00ac 01       		.uleb128 0x1
 1125 00ad 13       		.uleb128 0x13
 1126 00ae 00       		.byte	0
 1127 00af 00       		.byte	0
 1128 00b0 0B       		.uleb128 0xb
 1129 00b1 05       		.uleb128 0x5
 1130 00b2 00       		.byte	0
 1131 00b3 03       		.uleb128 0x3
 1132 00b4 0E       		.uleb128 0xe
 1133 00b5 3A       		.uleb128 0x3a
 1134 00b6 0B       		.uleb128 0xb
 1135 00b7 3B       		.uleb128 0x3b
 1136 00b8 0B       		.uleb128 0xb
 1137 00b9 49       		.uleb128 0x49
 1138 00ba 13       		.uleb128 0x13
 1139 00bb 02       		.uleb128 0x2
 1140 00bc 18       		.uleb128 0x18
 1141 00bd 00       		.byte	0
 1142 00be 00       		.byte	0
 1143 00bf 0C       		.uleb128 0xc
 1144 00c0 2E       		.uleb128 0x2e
 1145 00c1 00       		.byte	0
 1146 00c2 3F       		.uleb128 0x3f
 1147 00c3 19       		.uleb128 0x19
 1148 00c4 03       		.uleb128 0x3
 1149 00c5 0E       		.uleb128 0xe
 1150 00c6 3A       		.uleb128 0x3a
ARM GAS  C:\Users\Jack\AppData\Local\Temp\cc1zkWF2.s 			page 28


 1151 00c7 0B       		.uleb128 0xb
 1152 00c8 3B       		.uleb128 0x3b
 1153 00c9 0B       		.uleb128 0xb
 1154 00ca 27       		.uleb128 0x27
 1155 00cb 19       		.uleb128 0x19
 1156 00cc 49       		.uleb128 0x49
 1157 00cd 13       		.uleb128 0x13
 1158 00ce 11       		.uleb128 0x11
 1159 00cf 01       		.uleb128 0x1
 1160 00d0 12       		.uleb128 0x12
 1161 00d1 06       		.uleb128 0x6
 1162 00d2 40       		.uleb128 0x40
 1163 00d3 18       		.uleb128 0x18
 1164 00d4 9742     		.uleb128 0x2117
 1165 00d6 19       		.uleb128 0x19
 1166 00d7 00       		.byte	0
 1167 00d8 00       		.byte	0
 1168 00d9 0D       		.uleb128 0xd
 1169 00da 2E       		.uleb128 0x2e
 1170 00db 01       		.byte	0x1
 1171 00dc 3F       		.uleb128 0x3f
 1172 00dd 19       		.uleb128 0x19
 1173 00de 03       		.uleb128 0x3
 1174 00df 0E       		.uleb128 0xe
 1175 00e0 3A       		.uleb128 0x3a
 1176 00e1 0B       		.uleb128 0xb
 1177 00e2 3B       		.uleb128 0x3b
 1178 00e3 05       		.uleb128 0x5
 1179 00e4 27       		.uleb128 0x27
 1180 00e5 19       		.uleb128 0x19
 1181 00e6 11       		.uleb128 0x11
 1182 00e7 01       		.uleb128 0x1
 1183 00e8 12       		.uleb128 0x12
 1184 00e9 06       		.uleb128 0x6
 1185 00ea 40       		.uleb128 0x40
 1186 00eb 18       		.uleb128 0x18
 1187 00ec 9742     		.uleb128 0x2117
 1188 00ee 19       		.uleb128 0x19
 1189 00ef 01       		.uleb128 0x1
 1190 00f0 13       		.uleb128 0x13
 1191 00f1 00       		.byte	0
 1192 00f2 00       		.byte	0
 1193 00f3 0E       		.uleb128 0xe
 1194 00f4 05       		.uleb128 0x5
 1195 00f5 00       		.byte	0
 1196 00f6 03       		.uleb128 0x3
 1197 00f7 0E       		.uleb128 0xe
 1198 00f8 3A       		.uleb128 0x3a
 1199 00f9 0B       		.uleb128 0xb
 1200 00fa 3B       		.uleb128 0x3b
 1201 00fb 05       		.uleb128 0x5
 1202 00fc 49       		.uleb128 0x49
 1203 00fd 13       		.uleb128 0x13
 1204 00fe 02       		.uleb128 0x2
 1205 00ff 18       		.uleb128 0x18
 1206 0100 00       		.byte	0
 1207 0101 00       		.byte	0
ARM GAS  C:\Users\Jack\AppData\Local\Temp\cc1zkWF2.s 			page 29


 1208 0102 0F       		.uleb128 0xf
 1209 0103 2E       		.uleb128 0x2e
 1210 0104 00       		.byte	0
 1211 0105 3F       		.uleb128 0x3f
 1212 0106 19       		.uleb128 0x19
 1213 0107 03       		.uleb128 0x3
 1214 0108 0E       		.uleb128 0xe
 1215 0109 3A       		.uleb128 0x3a
 1216 010a 0B       		.uleb128 0xb
 1217 010b 3B       		.uleb128 0x3b
 1218 010c 05       		.uleb128 0x5
 1219 010d 27       		.uleb128 0x27
 1220 010e 19       		.uleb128 0x19
 1221 010f 49       		.uleb128 0x49
 1222 0110 13       		.uleb128 0x13
 1223 0111 11       		.uleb128 0x11
 1224 0112 01       		.uleb128 0x1
 1225 0113 12       		.uleb128 0x12
 1226 0114 06       		.uleb128 0x6
 1227 0115 40       		.uleb128 0x40
 1228 0116 18       		.uleb128 0x18
 1229 0117 9742     		.uleb128 0x2117
 1230 0119 19       		.uleb128 0x19
 1231 011a 00       		.byte	0
 1232 011b 00       		.byte	0
 1233 011c 10       		.uleb128 0x10
 1234 011d 34       		.uleb128 0x34
 1235 011e 00       		.byte	0
 1236 011f 03       		.uleb128 0x3
 1237 0120 0E       		.uleb128 0xe
 1238 0121 3A       		.uleb128 0x3a
 1239 0122 0B       		.uleb128 0xb
 1240 0123 3B       		.uleb128 0x3b
 1241 0124 0B       		.uleb128 0xb
 1242 0125 49       		.uleb128 0x49
 1243 0126 13       		.uleb128 0x13
 1244 0127 3F       		.uleb128 0x3f
 1245 0128 19       		.uleb128 0x19
 1246 0129 02       		.uleb128 0x2
 1247 012a 18       		.uleb128 0x18
 1248 012b 00       		.byte	0
 1249 012c 00       		.byte	0
 1250 012d 00       		.byte	0
 1251              		.section	.debug_aranges,"",%progbits
 1252 0000 84000000 		.4byte	0x84
 1253 0004 0200     		.2byte	0x2
 1254 0006 00000000 		.4byte	.Ldebug_info0
 1255 000a 04       		.byte	0x4
 1256 000b 00       		.byte	0
 1257 000c 0000     		.2byte	0
 1258 000e 0000     		.2byte	0
 1259 0010 00000000 		.4byte	.LFB2
 1260 0014 24000000 		.4byte	.LFE2-.LFB2
 1261 0018 00000000 		.4byte	.LFB3
 1262 001c 74000000 		.4byte	.LFE3-.LFB3
 1263 0020 00000000 		.4byte	.LFB4
 1264 0024 20000000 		.4byte	.LFE4-.LFB4
ARM GAS  C:\Users\Jack\AppData\Local\Temp\cc1zkWF2.s 			page 30


 1265 0028 00000000 		.4byte	.LFB5
 1266 002c 20000000 		.4byte	.LFE5-.LFB5
 1267 0030 00000000 		.4byte	.LFB6
 1268 0034 44000000 		.4byte	.LFE6-.LFB6
 1269 0038 00000000 		.4byte	.LFB7
 1270 003c 44000000 		.4byte	.LFE7-.LFB7
 1271 0040 00000000 		.4byte	.LFB8
 1272 0044 14000000 		.4byte	.LFE8-.LFB8
 1273 0048 00000000 		.4byte	.LFB9
 1274 004c 34000000 		.4byte	.LFE9-.LFB9
 1275 0050 00000000 		.4byte	.LFB10
 1276 0054 14000000 		.4byte	.LFE10-.LFB10
 1277 0058 00000000 		.4byte	.LFB11
 1278 005c 20000000 		.4byte	.LFE11-.LFB11
 1279 0060 00000000 		.4byte	.LFB12
 1280 0064 14000000 		.4byte	.LFE12-.LFB12
 1281 0068 00000000 		.4byte	.LFB13
 1282 006c 20000000 		.4byte	.LFE13-.LFB13
 1283 0070 00000000 		.4byte	.LFB14
 1284 0074 14000000 		.4byte	.LFE14-.LFB14
 1285 0078 00000000 		.4byte	.LFB15
 1286 007c 20000000 		.4byte	.LFE15-.LFB15
 1287 0080 00000000 		.4byte	0
 1288 0084 00000000 		.4byte	0
 1289              		.section	.debug_ranges,"",%progbits
 1290              	.Ldebug_ranges0:
 1291 0000 00000000 		.4byte	.LFB2
 1292 0004 24000000 		.4byte	.LFE2
 1293 0008 00000000 		.4byte	.LFB3
 1294 000c 74000000 		.4byte	.LFE3
 1295 0010 00000000 		.4byte	.LFB4
 1296 0014 20000000 		.4byte	.LFE4
 1297 0018 00000000 		.4byte	.LFB5
 1298 001c 20000000 		.4byte	.LFE5
 1299 0020 00000000 		.4byte	.LFB6
 1300 0024 44000000 		.4byte	.LFE6
 1301 0028 00000000 		.4byte	.LFB7
 1302 002c 44000000 		.4byte	.LFE7
 1303 0030 00000000 		.4byte	.LFB8
 1304 0034 14000000 		.4byte	.LFE8
 1305 0038 00000000 		.4byte	.LFB9
 1306 003c 34000000 		.4byte	.LFE9
 1307 0040 00000000 		.4byte	.LFB10
 1308 0044 14000000 		.4byte	.LFE10
 1309 0048 00000000 		.4byte	.LFB11
 1310 004c 20000000 		.4byte	.LFE11
 1311 0050 00000000 		.4byte	.LFB12
 1312 0054 14000000 		.4byte	.LFE12
 1313 0058 00000000 		.4byte	.LFB13
 1314 005c 20000000 		.4byte	.LFE13
 1315 0060 00000000 		.4byte	.LFB14
 1316 0064 14000000 		.4byte	.LFE14
 1317 0068 00000000 		.4byte	.LFB15
 1318 006c 20000000 		.4byte	.LFE15
 1319 0070 00000000 		.4byte	0
 1320 0074 00000000 		.4byte	0
 1321              		.section	.debug_line,"",%progbits
ARM GAS  C:\Users\Jack\AppData\Local\Temp\cc1zkWF2.s 			page 31


 1322              	.Ldebug_line0:
 1323 0000 58010000 		.section	.debug_str,"MS",%progbits,1
 1323      02004400 
 1323      00000201 
 1323      FB0E0D00 
 1323      01010101 
 1324              	.LASF38:
 1325 0000 433A5C55 		.ascii	"C:\\Users\\Jack\\Documents\\PSoC Creator\\LED capse"
 1325      73657273 
 1325      5C4A6163 
 1325      6B5C446F 
 1325      63756D65 
 1326 002e 6E736520 		.ascii	"nse slider\\PSoC_4_BLE_CapSense_Slider_LED01\\PSoC_"
 1326      736C6964 
 1326      65725C50 
 1326      536F435F 
 1326      345F424C 
 1327 005f 345F424C 		.ascii	"4_BLE_CapSense_Slider_LED01.cydsn\000"
 1327      455F4361 
 1327      7053656E 
 1327      73655F53 
 1327      6C696465 
 1328              	.LASF28:
 1329 0081 50724953 		.ascii	"PrISM_2_WritePolynomial\000"
 1329      4D5F325F 
 1329      57726974 
 1329      65506F6C 
 1329      796E6F6D 
 1330              	.LASF3:
 1331 0099 73686F72 		.ascii	"short unsigned int\000"
 1331      7420756E 
 1331      7369676E 
 1331      65642069 
 1331      6E7400
 1332              	.LASF20:
 1333 00ac 50724953 		.ascii	"PrISM_2_SetPulse0Mode\000"
 1333      4D5F325F 
 1333      53657450 
 1333      756C7365 
 1333      304D6F64 
 1334              	.LASF16:
 1335 00c2 50724953 		.ascii	"PrISM_2_Start\000"
 1335      4D5F325F 
 1335      53746172 
 1335      7400
 1336              	.LASF22:
 1337 00d0 70756C73 		.ascii	"pulse0Type\000"
 1337      65305479 
 1337      706500
 1338              	.LASF9:
 1339 00db 666C6F61 		.ascii	"float\000"
 1339      7400
 1340              	.LASF1:
 1341 00e1 756E7369 		.ascii	"unsigned char\000"
 1341      676E6564 
 1341      20636861 
 1341      7200
ARM GAS  C:\Users\Jack\AppData\Local\Temp\cc1zkWF2.s 			page 32


 1342              	.LASF13:
 1343 00ef 72656738 		.ascii	"reg8\000"
 1343      00
 1344              	.LASF19:
 1345 00f4 50724953 		.ascii	"PrISM_2_Init\000"
 1345      4D5F325F 
 1345      496E6974 
 1345      00
 1346              	.LASF5:
 1347 0101 6C6F6E67 		.ascii	"long unsigned int\000"
 1347      20756E73 
 1347      69676E65 
 1347      6420696E 
 1347      7400
 1348              	.LASF12:
 1349 0113 75696E74 		.ascii	"uint8\000"
 1349      3800
 1350              	.LASF30:
 1351 0119 50724953 		.ascii	"PrISM_2_ReadPulse0\000"
 1351      4D5F325F 
 1351      52656164 
 1351      50756C73 
 1351      653000
 1352              	.LASF33:
 1353 012c 50724953 		.ascii	"PrISM_2_ReadPulse1\000"
 1353      4D5F325F 
 1353      52656164 
 1353      50756C73 
 1353      653100
 1354              	.LASF36:
 1355 013f 474E5520 		.ascii	"GNU C11 5.4.1 20160609 (release) [ARM/embedded-5-br"
 1355      43313120 
 1355      352E342E 
 1355      31203230 
 1355      31363036 
 1356 0172 616E6368 		.ascii	"anch revision 237715] -mcpu=cortex-m0 -mthumb -g -O"
 1356      20726576 
 1356      6973696F 
 1356      6E203233 
 1356      37373135 
 1357 01a5 30202D66 		.ascii	"0 -ffunction-sections -ffat-lto-objects\000"
 1357      66756E63 
 1357      74696F6E 
 1357      2D736563 
 1357      74696F6E 
 1358              	.LASF39:
 1359 01cd 656E6162 		.ascii	"enableInterrupts\000"
 1359      6C65496E 
 1359      74657272 
 1359      75707473 
 1359      00
 1360              	.LASF21:
 1361 01de 50724953 		.ascii	"PrISM_2_SetPulse1Mode\000"
 1361      4D5F325F 
 1361      53657450 
 1361      756C7365 
 1361      314D6F64 
ARM GAS  C:\Users\Jack\AppData\Local\Temp\cc1zkWF2.s 			page 33


 1362              	.LASF10:
 1363 01f4 646F7562 		.ascii	"double\000"
 1363      6C6500
 1364              	.LASF29:
 1365 01fb 706F6C79 		.ascii	"polynomial\000"
 1365      6E6F6D69 
 1365      616C00
 1366              	.LASF23:
 1367 0206 70756C73 		.ascii	"pulse1Type\000"
 1367      65315479 
 1367      706500
 1368              	.LASF8:
 1369 0211 756E7369 		.ascii	"unsigned int\000"
 1369      676E6564 
 1369      20696E74 
 1369      00
 1370              	.LASF7:
 1371 021e 6C6F6E67 		.ascii	"long long unsigned int\000"
 1371      206C6F6E 
 1371      6720756E 
 1371      7369676E 
 1371      65642069 
 1372              	.LASF24:
 1373 0235 50724953 		.ascii	"PrISM_2_WriteSeed\000"
 1373      4D5F325F 
 1373      57726974 
 1373      65536565 
 1373      6400
 1374              	.LASF18:
 1375 0247 50724953 		.ascii	"PrISM_2_Stop\000"
 1375      4D5F325F 
 1375      53746F70 
 1375      00
 1376              	.LASF15:
 1377 0254 73697A65 		.ascii	"sizetype\000"
 1377      74797065 
 1377      00
 1378              	.LASF6:
 1379 025d 6C6F6E67 		.ascii	"long long int\000"
 1379      206C6F6E 
 1379      6720696E 
 1379      7400
 1380              	.LASF11:
 1381 026b 63686172 		.ascii	"char\000"
 1381      00
 1382              	.LASF32:
 1383 0270 70756C73 		.ascii	"pulseDensity0\000"
 1383      6544656E 
 1383      73697479 
 1383      3000
 1384              	.LASF35:
 1385 027e 70756C73 		.ascii	"pulseDensity1\000"
 1385      6544656E 
 1385      73697479 
 1385      3100
 1386              	.LASF37:
 1387 028c 47656E65 		.ascii	"Generated_Source\\PSoC4\\PrISM_2.c\000"
ARM GAS  C:\Users\Jack\AppData\Local\Temp\cc1zkWF2.s 			page 34


 1387      72617465 
 1387      645F536F 
 1387      75726365 
 1387      5C50536F 
 1388              	.LASF26:
 1389 02ad 50724953 		.ascii	"PrISM_2_ReadSeed\000"
 1389      4D5F325F 
 1389      52656164 
 1389      53656564 
 1389      00
 1390              	.LASF2:
 1391 02be 73686F72 		.ascii	"short int\000"
 1391      7420696E 
 1391      7400
 1392              	.LASF25:
 1393 02c8 73656564 		.ascii	"seed\000"
 1393      00
 1394              	.LASF27:
 1395 02cd 50724953 		.ascii	"PrISM_2_ReadPolynomial\000"
 1395      4D5F325F 
 1395      52656164 
 1395      506F6C79 
 1395      6E6F6D69 
 1396              	.LASF4:
 1397 02e4 6C6F6E67 		.ascii	"long int\000"
 1397      20696E74 
 1397      00
 1398              	.LASF14:
 1399 02ed 6C6F6E67 		.ascii	"long double\000"
 1399      20646F75 
 1399      626C6500 
 1400              	.LASF0:
 1401 02f9 7369676E 		.ascii	"signed char\000"
 1401      65642063 
 1401      68617200 
 1402              	.LASF17:
 1403 0305 50724953 		.ascii	"PrISM_2_Enable\000"
 1403      4D5F325F 
 1403      456E6162 
 1403      6C6500
 1404              	.LASF40:
 1405 0314 50724953 		.ascii	"PrISM_2_initVar\000"
 1405      4D5F325F 
 1405      696E6974 
 1405      56617200 
 1406              	.LASF31:
 1407 0324 50724953 		.ascii	"PrISM_2_WritePulse0\000"
 1407      4D5F325F 
 1407      57726974 
 1407      6550756C 
 1407      73653000 
 1408              	.LASF34:
 1409 0338 50724953 		.ascii	"PrISM_2_WritePulse1\000"
 1409      4D5F325F 
 1409      57726974 
 1409      6550756C 
 1409      73653100 
ARM GAS  C:\Users\Jack\AppData\Local\Temp\cc1zkWF2.s 			page 35


 1410              		.ident	"GCC: (GNU Tools for ARM Embedded Processors) 5.4.1 20160609 (release) [ARM/embedded-5-bran
